Archive member included to satisfy reference by file (symbol)

app/libapp.a(actuator_controller.cpp.obj)
                              (--whole-archive)
app/libapp.a(adc_reader.cpp.obj)
                              (--whole-archive)
app/libapp.a(can_controller.cpp.obj)
                              (--whole-archive)
app/libapp.a(firmware_updater.cpp.obj)
                              (--whole-archive)
app/libapp.a(imu_controller.cpp.obj)
                              (--whole-archive)
app/libapp.a(interlock_controller.cpp.obj)
                              (--whole-archive)
app/libapp.a(led_controller.cpp.obj)
                              (--whole-archive)
app/libapp.a(log_controller.cpp.obj)
                              (--whole-archive)
app/libapp.a(main.cpp.obj)    (--whole-archive)
app/libapp.a(misc_controller.cpp.obj)
                              (--whole-archive)
app/libapp.a(pgv_controller.cpp.obj)
                              (--whole-archive)
app/libapp.a(rosserial.cpp.obj)
                              (--whole-archive)
app/libapp.a(rosserial_service.cpp.obj)
                              (--whole-archive)
app/libapp.a(runaway_detector.cpp.obj)
                              (--whole-archive)
app/libapp.a(sdlog_controller.cpp.obj)
                              (--whole-archive)
app/libapp.a(tof_controller.cpp.obj)
                              (--whole-archive)
app/libapp.a(uss_controller.cpp.obj)
                              (--whole-archive)
app/libapp.a(duration.cpp.obj)
                              (--whole-archive)
app/libapp.a(time.cpp.obj)    (--whole-archive)
zephyr/libzephyr.a(cbprintf.c.obj)
                              (--whole-archive)
zephyr/libzephyr.a(cbprintf_packaged.c.obj)
                              (--whole-archive)
zephyr/libzephyr.a(crc32c_sw.c.obj)
                              (--whole-archive)
zephyr/libzephyr.a(crc32_sw.c.obj)
                              (--whole-archive)
zephyr/libzephyr.a(crc16_sw.c.obj)
                              (--whole-archive)
zephyr/libzephyr.a(crc8_sw.c.obj)
                              (--whole-archive)
zephyr/libzephyr.a(crc7_sw.c.obj)
                              (--whole-archive)
zephyr/libzephyr.a(dec.c.obj)
                              (--whole-archive)
zephyr/libzephyr.a(fdtable.c.obj)
                              (--whole-archive)
zephyr/libzephyr.a(hex.c.obj)
                              (--whole-archive)
zephyr/libzephyr.a(notify.c.obj)
                              (--whole-archive)
zephyr/libzephyr.a(printk.c.obj)
                              (--whole-archive)
zephyr/libzephyr.a(onoff.c.obj)
                              (--whole-archive)
zephyr/libzephyr.a(rb.c.obj)  (--whole-archive)
zephyr/libzephyr.a(sem.c.obj)
                              (--whole-archive)
zephyr/libzephyr.a(thread_entry.c.obj)
                              (--whole-archive)
zephyr/libzephyr.a(timeutil.c.obj)
                              (--whole-archive)
zephyr/libzephyr.a(heap.c.obj)
                              (--whole-archive)
zephyr/libzephyr.a(heap-validate.c.obj)
                              (--whole-archive)
zephyr/libzephyr.a(bitarray.c.obj)
                              (--whole-archive)
zephyr/libzephyr.a(cbprintf_complete.c.obj)
                              (--whole-archive)
zephyr/libzephyr.a(ring_buffer.c.obj)
                              (--whole-archive)
zephyr/libzephyr.a(mpsc_pbuf.c.obj)
                              (--whole-archive)
zephyr/libzephyr.a(reboot.c.obj)
                              (--whole-archive)
zephyr/libzephyr.a(fnmatch.c.obj)
                              (--whole-archive)
zephyr/libzephyr.a(configs.c.obj)
                              (--whole-archive)
zephyr/libzephyr.a(soc.c.obj)
                              (--whole-archive)
zephyr/libzephyr.a(stm32cube_hal.c.obj)
                              (--whole-archive)
zephyr/libzephyr.a(soc_config.c.obj)
                              (--whole-archive)
zephyr/libzephyr.a(log_list.c.obj)
                              (--whole-archive)
zephyr/libzephyr.a(log_core.c.obj)
                              (--whole-archive)
zephyr/libzephyr.a(log_mgmt.c.obj)
                              (--whole-archive)
zephyr/libzephyr.a(log_msg.c.obj)
                              (--whole-archive)
zephyr/libzephyr.a(log_output.c.obj)
                              (--whole-archive)
zephyr/libzephyr.a(log_cmds.c.obj)
                              (--whole-archive)
zephyr/libzephyr.a(kernel_service.c.obj)
                              (--whole-archive)
zephyr/libzephyr.a(device_service.c.obj)
                              (--whole-archive)
zephyr/libzephyr.a(devmem_service.c.obj)
                              (--whole-archive)
zephyr/libzephyr.a(shell.c.obj)
                              (--whole-archive)
zephyr/libzephyr.a(shell_fprintf.c.obj)
                              (--whole-archive)
zephyr/libzephyr.a(shell_utils.c.obj)
[...]
Memory Configuration

Name             Origin             Length             Attributes
FLASH            0x0000000008040000 0x0000000000040000 xr
SRAM             0x0000000020020000 0x0000000000060000 xw
DTCM             0x0000000020000000 0x0000000000020000 rw
IDT_LIST         0x00000000fffff7ff 0x0000000000000800 xw
*default*        0x0000000000000000 0xffffffffffffffff

Linker script and memory map

LOAD zephyr/CMakeFiles/zephyr_prebuilt.dir/misc/empty_file.c.obj
                0x0000000000000020                _region_min_align = 0x20

.rel.plt        0x0000000008040000        0x0
 *(SORT_BY_ALIGNMENT(.rel.plt))
                [!provide]                        PROVIDE (__rel_iplt_start = .)
 *(SORT_BY_ALIGNMENT(.rel.iplt))
 .rel.iplt      0x0000000008040000        0x0 app/libapp.a(actuator_controller.cpp.obj)
                [!provide]                        PROVIDE (__rel_iplt_end = .)

.rela.plt       0x0000000000000000        0x0
 *(SORT_BY_ALIGNMENT(.rela.plt))
                [!provide]                        PROVIDE (__rela_iplt_start = .)
 *(SORT_BY_ALIGNMENT(.rela.iplt))
                [!provide]                        PROVIDE (__rela_iplt_end = .)

.rel.dyn
 *(SORT_BY_ALIGNMENT(.rel.*))

.rela.dyn
 *(SORT_BY_ALIGNMENT(.rela.*))

/DISCARD/
 *(SORT_BY_ALIGNMENT(.plt))
 *(SORT_BY_ALIGNMENT(.iplt))
 *(SORT_BY_ALIGNMENT(.got.plt))
 *(SORT_BY_ALIGNMENT(.igot.plt))
 *(SORT_BY_ALIGNMENT(.got))
 *(SORT_BY_ALIGNMENT(.igot))
 *(SORT_BY_ALIGNMENT(.note.GNU-stack))
                0x0000000008040000                __rom_region_start = 0x8040000

rom_start       0x0000000008040000      0x3f8
                0x0000000000000200                . = 0x200
 *fill*         0x0000000008040000      0x200 
                0x0000000008040200                . = ALIGN (0x4)
                0x0000000008040200                . = ALIGN (0x80)
                0x0000000008040200                . = ALIGN (0x200)
                0x0000000008040200                _vector_start = .
 *(SORT_BY_ALIGNMENT(.exc_vector_table))
 *(SORT_BY_ALIGNMENT(.exc_vector_table.*))
 .exc_vector_table._vector_table_section
                0x0000000008040200       0x40 zephyr/arch/arch/arm/core/aarch32/cortex_m/libarch__arm__core__aarch32__cortex_m.a(vector_table.S.obj)
                0x0000000008040200                _vector_table
 *(SORT_BY_ALIGNMENT(.gnu.linkonce.irq_vector_table*))
 .gnu.linkonce.irq_vector_table
                0x0000000008040240      0x1b8 zephyr/arch/common/libisr_tables.a(isr_tables.c.obj)
                0x0000000008040240                _irq_vector_table
 *(SORT_BY_ALIGNMENT(.vectors))
                0x00000000080403f8                _vector_end = .

text            0x0000000008040400    0x1b274
                0x0000000008040400                __text_region_start = .
 *(SORT_BY_ALIGNMENT(.text))
 .text          0x0000000008040400       0xa0 /opt/toolchains/gcc-arm-none-eabi-10-2020-q4-major/arm-none-eabi/lib/thumb/v7e-m+dp/hard/libc_nano.a(lib_a-memchr.o)
                0x0000000008040400                memchr
 .text          0x00000000080404a0       0xa0 /opt/toolchains/gcc-arm-none-eabi-10-2020-q4-major/bin/../lib/gcc/arm-none-eabi/10.2.1/thumb/v7e-m+dp/hard/libgcc.a(_aeabi_ldivmod.o)
                0x00000000080404a0                __aeabi_ldivmod
 .text          0x0000000008040540       0x30 /opt/toolchains/gcc-arm-none-eabi-10-2020-q4-major/bin/../lib/gcc/arm-none-eabi/10.2.1/thumb/v7e-m+dp/hard/libgcc.a(_aeabi_uldivmod.o)
                0x0000000008040540                __aeabi_uldivmod
 .text          0x0000000008040570      0x2d0 /opt/toolchains/gcc-arm-none-eabi-10-2020-q4-major/bin/../lib/gcc/arm-none-eabi/10.2.1/thumb/v7e-m+dp/hard/libgcc.a(_udivmoddi4.o)
                0x0000000008040570                __udivmoddi4
 .text          0x0000000008040840        0x4 /opt/toolchains/gcc-arm-none-eabi-10-2020-q4-major/bin/../lib/gcc/arm-none-eabi/10.2.1/thumb/v7e-m+dp/hard/libgcc.a(_dvmd_tls.o)
                0x0000000008040840                __aeabi_ldiv0
                0x0000000008040840                __aeabi_idiv0
 .text          0x0000000008040844       0x14 /opt/toolchains/gcc-arm-none-eabi-10-2020-q4-major/arm-none-eabi/lib/thumb/v7e-m+dp/hard/libc_nano.a(lib_a-strcmp.o)
                0x0000000008040844                strcmp
 .text          0x0000000008040858       0x10 /opt/toolchains/gcc-arm-none-eabi-10-2020-q4-major/arm-none-eabi/lib/thumb/v7e-m+dp/hard/libc_nano.a(lib_a-strlen.o)
                0x0000000008040858                strlen
 *(SORT_BY_ALIGNMENT(.text.*))
 .text.cbvprintf
                0x0000000008040868      0xcd0 zephyr/libzephyr.a(cbprintf_complete.c.obj)
                0x0000000008040868                cbvprintf
 .text.cmd_nsec
                0x0000000008041538      0x114 zephyr/drivers/pwm/libdrivers__pwm.a(pwm_shell.c.obj)
 *fill*         0x000000000804164c        0x4 
 .text.handle_channel_by_name
                0x0000000008041650      0x124 zephyr/drivers/sensor/libdrivers__sensor.a(sensor_shell.c.obj)
 *fill*         0x0000000008041774        0x4 
 .text.work_queue_main
                0x0000000008041778      0x138 zephyr/kernel/libkernel.a(work.c.obj)
 .text._printf_float
                0x00000000080418b0      0x43c /opt/toolchains/gcc-arm-none-eabi-10-2020-q4-major/arm-none-eabi/lib/thumb/v7e-m+dp/hard/libc_nano.a(lib_a-nano-vfprintf_float.o)
                0x00000000080418b0                _printf_float
 *fill*         0x0000000008041cec        0x4 
 .text._dtoa_r  0x0000000008041cf0      0xae0 /opt/toolchains/gcc-arm-none-eabi-10-2020-q4-major/arm-none-eabi/lib/thumb/v7e-m+dp/hard/libc_nano.a(lib_a-dtoa.o)
                0x0000000008041cf0                _dtoa_r
 .text._ZNK8lexxhard19actuator_controller24actuator_controller_impl14pwm_trampolineEiih.isra.0
                0x00000000080427d0       0x34 app/libapp.a(actuator_controller.cpp.obj)
 .text._ZN8lexxhard19actuator_controller8cmd_dutyEPK5shelljPPc
                0x0000000008042804       0x70 app/libapp.a(actuator_controller.cpp.obj)
                0x0000000008042804                lexxhard::actuator_controller::cmd_duty(shell const*, unsigned int, char**)
 .text._ZNK8lexxhard19actuator_controller24actuator_controller_impl18pwm_trampoline_allEih.isra.0
                0x0000000008042874       0x38 app/libapp.a(actuator_controller.cpp.obj)
 .text._ZNK8lexxhard19actuator_controller8actuator8get_infoEv
                0x00000000080428ac       0xbc app/libapp.a(actuator_controller.cpp.obj)
                0x00000000080428ac                lexxhard::actuator_controller::actuator::get_info() const
 .text._ZN8lexxhard19actuator_controller4infoEPK5shelljPPc
                0x0000000008042968       0x5c app/libapp.a(actuator_controller.cpp.obj)
                0x0000000008042968                lexxhard::actuator_controller::info(shell const*, unsigned int, char**)
 .text._ZN8lexxhard19actuator_controller24actuator_controller_impl13init_locationEv
                0x00000000080429c4       0xd0 app/libapp.a(actuator_controller.cpp.obj)
                0x00000000080429c4                lexxhard::actuator_controller::actuator_controller_impl::init_location()
 .text._ZN8lexxhard19actuator_controller8cmd_initEPK5shelljPPc
                0x0000000008042a94       0x30 app/libapp.a(actuator_controller.cpp.obj)
                0x0000000008042a94                lexxhard::actuator_controller::cmd_init(shell const*, unsigned int, char**)
 .text._ZN8lexxhard19actuator_controller24actuator_controller_impl11to_locationERA3_KhS4_RA3_h
                0x0000000008042ac4       0xf4 app/libapp.a(actuator_controller.cpp.obj)
                0x0000000008042ac4                lexxhard::actuator_controller::actuator_controller_impl::to_location(unsigned char const (&) [3], unsigned char const (&) [3], unsigned char (&) [3])
 .text._ZN8lexxhard19actuator_controller6locateEPK5shelljPPc
                0x0000000008042bb8       0xbc app/libapp.a(actuator_controller.cpp.obj)
                0x0000000008042bb8                lexxhard::actuator_controller::locate(shell const*, unsigned int, char**)
 .text._GLOBAL__sub_I_HAL_TIM_Encoder_MspInit
                0x0000000008042c74       0x48 app/libapp.a(actuator_controller.cpp.obj)
 .text._ZN8lexxhard10adc_reader3getEi
                0x0000000008042cbc       0x30 app/libapp.a(adc_reader.cpp.obj)
                0x0000000008042cbc                lexxhard::adc_reader::get(int)
 .text._GLOBAL__sub_I__ZN8lexxhard10adc_reader13log_const_adcE
                0x0000000008042cec        0xc app/libapp.a(adc_reader.cpp.obj)
 .text._ZN8lexxhard14can_controller10brd_emgoffEPK5shelljPPc
                0x0000000008042cf8       0x14 app/libapp.a(can_controller.cpp.obj)
                0x0000000008042cf8                lexxhard::can_controller::brd_emgoff(shell const*, unsigned int, char**)
 .text._ZN8lexxhard14can_controller8bmu_infoEPK5shelljPPc
                0x0000000008042d0c       0xd8 app/libapp.a(can_controller.cpp.obj)
                0x0000000008042d0c                lexxhard::can_controller::bmu_info(shell const*, unsigned int, char**)
 .text._ZN8lexxhard14can_controller8brd_infoEPK5shelljPPc
                0x0000000008042de4      0x14c app/libapp.a(can_controller.cpp.obj)
                0x0000000008042de4                lexxhard::can_controller::brd_info(shell const*, unsigned int, char**)
 .text._ZN8lexxhard14can_controller12brd_lockdownEPK5shelljPPc
                0x0000000008042f30       0x44 app/libapp.a(can_controller.cpp.obj)
                0x0000000008042f30                lexxhard::can_controller::brd_lockdown(shell const*, unsigned int, char**)
 .text._ZN8lexxhard14can_controller8get_rsocEv
                0x0000000008042f74        0xc app/libapp.a(can_controller.cpp.obj)
                0x0000000008042f74                lexxhard::can_controller::get_rsoc()
 .text._ZN8lexxhard14can_controller12is_emergencyEv
                0x0000000008042f80       0x24 app/libapp.a(can_controller.cpp.obj)
                0x0000000008042f80                lexxhard::can_controller::is_emergency()
 .text._GLOBAL__sub_I__ZN8lexxhard14can_controller13log_const_canE
                0x0000000008042fa4       0x44 app/libapp.a(can_controller.cpp.obj)
 .text._GLOBAL__sub_I__ZN8lexxhard16firmware_updater4initEv
                0x0000000008042fe8       0x1c app/libapp.a(firmware_updater.cpp.obj)
 .text._ZN8lexxhard14imu_controller4infoEPK5shelljPPc
                0x0000000008043004       0xbc app/libapp.a(imu_controller.cpp.obj)
                0x0000000008043004                lexxhard::imu_controller::info(shell const*, unsigned int, char**)
 .text._GLOBAL__sub_I__ZN8lexxhard14imu_controller13log_const_imuE
                0x00000000080430c0        0xc app/libapp.a(imu_controller.cpp.obj)
 .text._ZN8lexxhard14led_controller5colorEPK5shelljPPc
                0x00000000080430cc       0x74 app/libapp.a(led_controller.cpp.obj)
                0x00000000080430cc                lexxhard::led_controller::color(shell const*, unsigned int, char**)
 .text._ZN8lexxhard14led_controller3msg16setup_cpm_breathEPKc
                0x0000000008043140       0x8c app/libapp.a(led_controller.cpp.obj)
                0x0000000008043140                lexxhard::led_controller::msg::setup_cpm_breath(char const*)
 .text._ZN8lexxhard14led_controller3msgC2EPKc
                0x00000000080431cc      0x13c app/libapp.a(led_controller.cpp.obj)
                0x00000000080431cc                lexxhard::led_controller::msg::msg(char const*)
                0x00000000080431cc                lexxhard::led_controller::msg::msg(char const*)
 .text._ZN8lexxhard14led_controller7patternEPK5shelljPPc
                0x0000000008043308       0x48 app/libapp.a(led_controller.cpp.obj)
                0x0000000008043308                lexxhard::led_controller::pattern(shell const*, unsigned int, char**)
 .text._ZN8lexxhard14led_controller20led_message_receiver11get_messageERNS0_3msgE
                0x0000000008043350      0x190 app/libapp.a(led_controller.cpp.obj)
                0x0000000008043350                lexxhard::led_controller::led_message_receiver::get_message(lexxhard::led_controller::msg&)
 .text._ZN8lexxhard14led_controller19led_controller_impl11fill_strobeERK7led_rgbjjj
                0x00000000080434e0       0x58 app/libapp.a(led_controller.cpp.obj)
                0x00000000080434e0                lexxhard::led_controller::led_controller_impl::fill_strobe(led_rgb const&, unsigned int, unsigned int, unsigned int)
 .text._ZN8lexxhard14led_controller19led_controller_impl19fill_blink_sequenceERK7led_rgbj
                0x0000000008043538       0x94 app/libapp.a(led_controller.cpp.obj)
                0x0000000008043538                lexxhard::led_controller::led_controller_impl::fill_blink_sequence(led_rgb const&, unsigned int)
 .text._ZN8lexxhard14led_controller19led_controller_impl4pollERKNS0_3msgE
                0x00000000080435cc      0x268 app/libapp.a(led_controller.cpp.obj)
                0x00000000080435cc                lexxhard::led_controller::led_controller_impl::poll(lexxhard::led_controller::msg const&)
 .text._ZN8lexxhard14led_controller4initEv
                0x0000000008043834       0x80 app/libapp.a(led_controller.cpp.obj)
                0x0000000008043834                lexxhard::led_controller::init()
 .text._ZN8lexxhard14led_controller3runEPvS1_S1_
                0x00000000080438b4       0x58 app/libapp.a(led_controller.cpp.obj)
                0x00000000080438b4                lexxhard::led_controller::run(void*, void*, void*)
 .text._GLOBAL__sub_I__ZN8lexxhard14led_controller13log_const_ledE
                0x000000000804390c       0x30 app/libapp.a(led_controller.cpp.obj)
 .text._ZN8lexxhard14log_controller16write_log_to_memEPhjPv
                0x000000000804393c       0x2c app/libapp.a(log_controller.cpp.obj)
                0x000000000804393c                lexxhard::log_controller::write_log_to_mem(unsigned char*, unsigned int, void*)
 .text._ZN8lexxhard14log_controller11logapi_initEPK11log_backend
                0x0000000008043968       0x18 app/libapp.a(log_controller.cpp.obj)
                0x0000000008043968                lexxhard::log_controller::logapi_init(log_backend const*)
 .text._ZN8lexxhard14log_controller14logapi_droppedEPK11log_backendj
                0x0000000008043980        0xc app/libapp.a(log_controller.cpp.obj)
                0x0000000008043980                lexxhard::log_controller::logapi_dropped(log_backend const*, unsigned int)
 .text._ZN8lexxhard14log_controller10logapi_putEPK11log_backendP7log_msg
                0x000000000804398c       0x24 app/libapp.a(log_controller.cpp.obj)
                0x000000000804398c                lexxhard::log_controller::logapi_put(log_backend const*, log_msg*)
 .text._ZNK8lexxhard14log_controller17overwrap_ring_buf4showEPK5shell
                0x00000000080439b0       0x58 app/libapp.a(log_controller.cpp.obj)
                0x00000000080439b0                lexxhard::log_controller::overwrap_ring_buf::show(shell const*) const
 .text._ZN8lexxhard14log_controller8cmd_showEPK5shelljPPc
                0x0000000008043a08       0x14 app/libapp.a(log_controller.cpp.obj)
                0x0000000008043a08                lexxhard::log_controller::cmd_show(shell const*, unsigned int, char**)
 .text._GLOBAL__sub_I__ZN8lexxhard14log_controller7ringbufE
                0x0000000008043a1c        0xc app/libapp.a(log_controller.cpp.obj)
 .text.main     0x0000000008043a28       0x94 app/libapp.a(main.cpp.obj)
                0x0000000008043a28                main
 .text._ZN8lexxhard15misc_controller4infoEPK5shelljPPc
                0x0000000008043abc       0x50 app/libapp.a(misc_controller.cpp.obj)
                0x0000000008043abc                lexxhard::misc_controller::info(shell const*, unsigned int, char**)
 .text._ZN8lexxhard14pgv_controller4infoEPK5shelljPPc
                0x0000000008043b0c       0x14 app/libapp.a(pgv_controller.cpp.obj)
                0x0000000008043b0c                lexxhard::pgv_controller::info(shell const*, unsigned int, char**)
 .text._GLOBAL__sub_I__ZN8lexxhard14pgv_controller13log_const_pgvE
                0x0000000008043b20       0x14 app/libapp.a(pgv_controller.cpp.obj)
 .text._ZN8std_msgs4Time7getTypeEv
                0x0000000008043b34        0x8 app/libapp.a(rosserial.cpp.obj)
                0x0000000008043b34                std_msgs::Time::getType()
 .text._ZN8std_msgs4Time6getMD5Ev
                0x0000000008043b3c        0x8 app/libapp.a(rosserial.cpp.obj)
                0x0000000008043b3c                std_msgs::Time::getMD5()
 .text._ZN14rosserial_msgs9TopicInfo7getTypeEv
                0x0000000008043b44        0x8 app/libapp.a(rosserial.cpp.obj)
                0x0000000008043b44                rosserial_msgs::TopicInfo::getType()
 .text._ZN14rosserial_msgs9TopicInfo6getMD5Ev
                0x0000000008043b4c        0x8 app/libapp.a(rosserial.cpp.obj)
                0x0000000008043b4c                rosserial_msgs::TopicInfo::getMD5()
 .text._ZN14rosserial_msgs3Log7getTypeEv
                0x0000000008043b54        0x8 app/libapp.a(rosserial.cpp.obj)
                0x0000000008043b54                rosserial_msgs::Log::getType()
 .text._ZN14rosserial_msgs3Log6getMD5Ev
                0x0000000008043b5c        0x8 app/libapp.a(rosserial.cpp.obj)
                0x0000000008043b5c                rosserial_msgs::Log::getMD5()
 .text._ZN14rosserial_msgs20RequestParamResponse7getTypeEv
                0x0000000008043b64        0x8 app/libapp.a(rosserial.cpp.obj)
                0x0000000008043b64                rosserial_msgs::RequestParamResponse::getType()
 .text._ZN14rosserial_msgs20RequestParamResponse6getMD5Ev
                0x0000000008043b6c        0x8 app/libapp.a(rosserial.cpp.obj)
                0x0000000008043b6c                rosserial_msgs::RequestParamResponse::getMD5()
 .text._ZN8std_msgs6Header7getTypeEv
                0x0000000008043b74        0x8 app/libapp.a(rosserial.cpp.obj)
                0x0000000008043b74                std_msgs::Header::getType()
 .text._ZN8std_msgs6Header6getMD5Ev
                0x0000000008043b7c        0x8 app/libapp.a(rosserial.cpp.obj)
                0x0000000008043b7c                std_msgs::Header::getMD5()
 .text._ZN11sensor_msgs12BatteryState7getTypeEv
                0x0000000008043b84        0x8 app/libapp.a(rosserial.cpp.obj)
                0x0000000008043b84                sensor_msgs::BatteryState::getType()
 .text._ZN11sensor_msgs12BatteryState6getMD5Ev
                0x0000000008043b8c        0x8 app/libapp.a(rosserial.cpp.obj)
                0x0000000008043b8c                sensor_msgs::BatteryState::getMD5()
 .text._ZN11sensor_msgs11Temperature7getTypeEv
                0x0000000008043b94        0x8 app/libapp.a(rosserial.cpp.obj)
                0x0000000008043b94                sensor_msgs::Temperature::getType()
 .text._ZN11sensor_msgs11Temperature6getMD5Ev
                0x0000000008043b9c        0x8 app/libapp.a(rosserial.cpp.obj)
                0x0000000008043b9c                sensor_msgs::Temperature::getMD5()
 .text._ZN13lexxauto_msgs7Battery7getTypeEv
                0x0000000008043ba4        0x8 app/libapp.a(rosserial.cpp.obj)
                0x0000000008043ba4                lexxauto_msgs::Battery::getType()
 .text._ZN13lexxauto_msgs7Battery6getMD5Ev
                0x0000000008043bac        0x8 app/libapp.a(rosserial.cpp.obj)
                0x0000000008043bac                lexxauto_msgs::Battery::getMD5()
 .text._ZN8std_msgs4Bool7getTypeEv
                0x0000000008043bb4        0x8 app/libapp.a(rosserial.cpp.obj)
                0x0000000008043bb4                std_msgs::Bool::getType()
 .text._ZN8std_msgs4Bool6getMD5Ev
                0x0000000008043bbc        0x8 app/libapp.a(rosserial.cpp.obj)
                0x0000000008043bbc                std_msgs::Bool::getMD5()
 .text._ZN8std_msgs4Byte7getTypeEv
                0x0000000008043bc4        0x8 app/libapp.a(rosserial.cpp.obj)
                0x0000000008043bc4                std_msgs::Byte::getType()
 .text._ZN8std_msgs4Byte6getMD5Ev
                0x0000000008043bcc        0x8 app/libapp.a(rosserial.cpp.obj)
                0x0000000008043bcc                std_msgs::Byte::getMD5()
 .text._ZN8std_msgs19MultiArrayDimension7getTypeEv
                0x0000000008043bd4        0x8 app/libapp.a(rosserial.cpp.obj)
                0x0000000008043bd4                std_msgs::MultiArrayDimension::getType()
 .text._ZN8std_msgs19MultiArrayDimension6getMD5Ev
                0x0000000008043bdc        0x8 app/libapp.a(rosserial.cpp.obj)
                0x0000000008043bdc                std_msgs::MultiArrayDimension::getMD5()
 .text._ZN8std_msgs16MultiArrayLayout7getTypeEv
                0x0000000008043be4        0x8 app/libapp.a(rosserial.cpp.obj)
                0x0000000008043be4                std_msgs::MultiArrayLayout::getType()
 .text._ZN8std_msgs16MultiArrayLayout6getMD5Ev
                0x0000000008043bec        0x8 app/libapp.a(rosserial.cpp.obj)
                0x0000000008043bec                std_msgs::MultiArrayLayout::getMD5()
 .text._ZN8std_msgs14ByteMultiArray7getTypeEv
                0x0000000008043bf4        0x8 app/libapp.a(rosserial.cpp.obj)
                0x0000000008043bf4                std_msgs::ByteMultiArray::getType()
 .text._ZN8std_msgs14ByteMultiArray6getMD5Ev
                0x0000000008043bfc        0x8 app/libapp.a(rosserial.cpp.obj)
                0x0000000008043bfc                std_msgs::ByteMultiArray::getMD5()
 .text._ZN8std_msgs6String7getTypeEv
                0x0000000008043c04        0x8 app/libapp.a(rosserial.cpp.obj)
                0x0000000008043c04                std_msgs::String::getType()
 .text._ZN8std_msgs6String6getMD5Ev
                0x0000000008043c0c        0x8 app/libapp.a(rosserial.cpp.obj)
                0x0000000008043c0c                std_msgs::String::getMD5()
 .text._ZN8std_msgs15UInt8MultiArray7getTypeEv
                0x0000000008043c14        0x8 app/libapp.a(rosserial.cpp.obj)
                0x0000000008043c14                std_msgs::UInt8MultiArray::getType()
 .text._ZN8std_msgs15UInt8MultiArray6getMD5Ev
                0x0000000008043c1c        0x8 app/libapp.a(rosserial.cpp.obj)
                0x0000000008043c1c                std_msgs::UInt8MultiArray::getMD5()
 .text._ZN8std_msgs5UInt87getTypeEv
                0x0000000008043c24        0x8 app/libapp.a(rosserial.cpp.obj)
                0x0000000008043c24                std_msgs::UInt8::getType()
 .text._ZN8std_msgs5UInt86getMD5Ev
                0x0000000008043c2c        0x8 app/libapp.a(rosserial.cpp.obj)
                0x0000000008043c2c                std_msgs::UInt8::getMD5()
 .text._ZN8std_msgs7Float327getTypeEv
                0x0000000008043c34        0x8 app/libapp.a(rosserial.cpp.obj)
                0x0000000008043c34                std_msgs::Float32::getType()
 .text._ZN8std_msgs7Float326getMD5Ev
                0x0000000008043c3c        0x8 app/libapp.a(rosserial.cpp.obj)
                0x0000000008043c3c                std_msgs::Float32::getMD5()
 .text._ZN13lexxauto_msgs17BoardTemperatures7getTypeEv
                0x0000000008043c44        0x8 app/libapp.a(rosserial.cpp.obj)
                0x0000000008043c44                lexxauto_msgs::BoardTemperatures::getType()
 .text._ZN13lexxauto_msgs17BoardTemperatures6getMD5Ev
                0x0000000008043c4c        0x8 app/libapp.a(rosserial.cpp.obj)
                0x0000000008043c4c                lexxauto_msgs::BoardTemperatures::getMD5()
 .text._ZN8std_msgs16UInt16MultiArray7getTypeEv
                0x0000000008043c54        0x8 app/libapp.a(rosserial.cpp.obj)
                0x0000000008043c54                std_msgs::UInt16MultiArray::getType()
 .text._ZN8std_msgs16UInt16MultiArray6getMD5Ev
                0x0000000008043c5c        0x8 app/libapp.a(rosserial.cpp.obj)
                0x0000000008043c5c                std_msgs::UInt16MultiArray::getMD5()
 .text._ZN13geometry_msgs7Vector37getTypeEv
                0x0000000008043c64        0x8 app/libapp.a(rosserial.cpp.obj)
                0x0000000008043c64                geometry_msgs::Vector3::getType()
 .text._ZN13geometry_msgs7Vector36getMD5Ev
                0x0000000008043c6c        0x8 app/libapp.a(rosserial.cpp.obj)
                0x0000000008043c6c                geometry_msgs::Vector3::getMD5()
 .text._ZN13lexxauto_msgs3Imu7getTypeEv
                0x0000000008043c74        0x8 app/libapp.a(rosserial.cpp.obj)
                0x0000000008043c74                lexxauto_msgs::Imu::getType()
 .text._ZN13lexxauto_msgs3Imu6getMD5Ev
                0x0000000008043c7c        0x8 app/libapp.a(rosserial.cpp.obj)
                0x0000000008043c7c                lexxauto_msgs::Imu::getMD5()
 .text._ZN8std_msgs17Float64MultiArray7getTypeEv
                0x0000000008043c84        0x8 app/libapp.a(rosserial.cpp.obj)
                0x0000000008043c84                std_msgs::Float64MultiArray::getType()
 .text._ZN8std_msgs17Float64MultiArray6getMD5Ev
                0x0000000008043c8c        0x8 app/libapp.a(rosserial.cpp.obj)
                0x0000000008043c8c                std_msgs::Float64MultiArray::getMD5()
 .text._ZN3ros10SubscriberIN8std_msgs4BoolEN8lexxhard13ros_interlockEE10getMsgTypeEv
                0x0000000008043c94        0x8 app/libapp.a(rosserial.cpp.obj)
                0x0000000008043c94                ros::Subscriber<std_msgs::Bool, lexxhard::ros_interlock>::getMsgType()
 .text._ZN3ros10SubscriberIN8std_msgs4BoolEN8lexxhard13ros_interlockEE9getMsgMD5Ev
                0x0000000008043c9c        0x8 app/libapp.a(rosserial.cpp.obj)
                0x0000000008043c9c                ros::Subscriber<std_msgs::Bool, lexxhard::ros_interlock>::getMsgMD5()
 .text._ZN3ros10SubscriberIN8std_msgs15UInt8MultiArrayEN8lexxhard7ros_dfuEE10getMsgTypeEv
                0x0000000008043ca4        0x8 app/libapp.a(rosserial.cpp.obj)
                0x0000000008043ca4                ros::Subscriber<std_msgs::UInt8MultiArray, lexxhard::ros_dfu>::getMsgType()
 .text._ZN3ros10SubscriberIN8std_msgs15UInt8MultiArrayEN8lexxhard7ros_dfuEE9getMsgMD5Ev
                0x0000000008043cac        0x8 app/libapp.a(rosserial.cpp.obj)
                0x0000000008043cac                ros::Subscriber<std_msgs::UInt8MultiArray, lexxhard::ros_dfu>::getMsgMD5()
 .text._ZN3ros10SubscriberIN8std_msgs6StringEN8lexxhard9ros_boardEE10getMsgTypeEv
                0x0000000008043cb4        0x8 app/libapp.a(rosserial.cpp.obj)
                0x0000000008043cb4                ros::Subscriber<std_msgs::String, lexxhard::ros_board>::getMsgType()
 .text._ZN3ros10SubscriberIN8std_msgs6StringEN8lexxhard9ros_boardEE9getMsgMD5Ev
                0x0000000008043cbc        0x8 app/libapp.a(rosserial.cpp.obj)
                0x0000000008043cbc                ros::Subscriber<std_msgs::String, lexxhard::ros_board>::getMsgMD5()
 .text._ZN3ros10SubscriberIN8std_msgs4BoolEN8lexxhard9ros_boardEE10getMsgTypeEv
                0x0000000008043cc4        0x8 app/libapp.a(rosserial.cpp.obj)
                0x0000000008043cc4                ros::Subscriber<std_msgs::Bool, lexxhard::ros_board>::getMsgType()
 .text._ZN3ros10SubscriberIN8std_msgs4BoolEN8lexxhard9ros_boardEE9getMsgMD5Ev
                0x0000000008043ccc        0x8 app/libapp.a(rosserial.cpp.obj)
                0x0000000008043ccc                ros::Subscriber<std_msgs::Bool, lexxhard::ros_board>::getMsgMD5()
 .text._ZN8lexxhard9ros_board18callback_messengerERKN8std_msgs4BoolE
                0x0000000008043cd4       0x24 app/libapp.a(rosserial.cpp.obj)
                0x0000000008043cd4                lexxhard::ros_board::callback_messenger(std_msgs::Bool const&)
 .text._ZN3ros11NodeHandle_IN12_GLOBAL__N_125rosserial_hardware_zephyrELi25ELi25ELi512ELi512EE7publishEiPKNS_3MsgE
                0x0000000008043cf8       0xe4 app/libapp.a(rosserial.cpp.obj)
 .text._ZN3ros11NodeHandle_IN12_GLOBAL__N_125rosserial_hardware_zephyrELi25ELi25ELi512ELi512EE15requestSyncTimeEv
                0x0000000008043ddc       0x28 app/libapp.a(rosserial.cpp.obj)
 .text._ZN8lexxhard9ros_board17callback_lexxhardERKN8std_msgs6StringE
                0x0000000008043e04       0x50 app/libapp.a(rosserial.cpp.obj)
                0x0000000008043e04                lexxhard::ros_board::callback_lexxhard(std_msgs::String const&)
 .text._ZN8lexxhard13ros_interlock30callback_emergency_stop_at_amrERKN8std_msgs4BoolE
                0x0000000008043e54       0x28 app/libapp.a(rosserial.cpp.obj)
                0x0000000008043e54                lexxhard::ros_interlock::callback_emergency_stop_at_amr(std_msgs::Bool const&)
 .text._ZN8lexxhard7ros_dfu8callbackERKN8std_msgs15UInt8MultiArrayE
                0x0000000008043e7c       0x24 app/libapp.a(rosserial.cpp.obj)
                0x0000000008043e7c                lexxhard::ros_dfu::callback(std_msgs::UInt8MultiArray const&)
 .text._ZN8lexxhard9ros_board18callback_emergencyERKN8std_msgs4BoolE
                0x0000000008043ea0       0x2c app/libapp.a(rosserial.cpp.obj)
                0x0000000008043ea0                lexxhard::ros_board::callback_emergency(std_msgs::Bool const&)
 .text._ZN8lexxhard9ros_board17callback_poweroffERKN8std_msgs4BoolE
                0x0000000008043ecc       0x2c app/libapp.a(rosserial.cpp.obj)
                0x0000000008043ecc                lexxhard::ros_board::callback_poweroff(std_msgs::Bool const&)
 .text._ZN11sensor_msgs11TemperatureC2Ev
                0x0000000008043ef8       0x30 app/libapp.a(rosserial.cpp.obj)
                0x0000000008043ef8                sensor_msgs::Temperature::Temperature()
                0x0000000008043ef8                sensor_msgs::Temperature::Temperature()
 .text._ZN8std_msgs16MultiArrayLayoutC2Ev
                0x0000000008043f28       0x28 app/libapp.a(rosserial.cpp.obj)
                0x0000000008043f28                std_msgs::MultiArrayLayout::MultiArrayLayout()
                0x0000000008043f28                std_msgs::MultiArrayLayout::MultiArrayLayout()
 .text._ZN3ros11NodeHandle_IN12_GLOBAL__N_125rosserial_hardware_zephyrELi25ELi25ELi512ELi512EE8spinOnceEv
                0x0000000008043f50      0x31c app/libapp.a(rosserial.cpp.obj)
 .text._GLOBAL__sub_I__ZN8lexxhard9rosserial4initEv
                0x000000000804426c      0x544 app/libapp.a(rosserial.cpp.obj)
 .text._GLOBAL__sub_I__ZN8lexxhard16runaway_detector4initEv
                0x00000000080447b0       0xbc app/libapp.a(runaway_detector.cpp.obj)
 .text._GLOBAL__sub_I__ZN8lexxhard16sdlog_controller13log_const_logE
                0x000000000804486c       0x24 app/libapp.a(sdlog_controller.cpp.obj)
 .text._ZN8lexxhard14tof_controller4infoEPK5shelljPPc
                0x0000000008044890       0x2c app/libapp.a(tof_controller.cpp.obj)
                0x0000000008044890                lexxhard::tof_controller::info(shell const*, unsigned int, char**)
 .text._ZN8lexxhard14uss_controller4infoEPK5shelljPPc
                0x00000000080448bc       0x38 app/libapp.a(uss_controller.cpp.obj)
                0x00000000080448bc                lexxhard::uss_controller::info(shell const*, unsigned int, char**)
 .text._GLOBAL__sub_I__ZN8lexxhard14uss_controller13log_const_ussE
                0x00000000080448f4       0x24 app/libapp.a(uss_controller.cpp.obj)
 .text._ZN3ros16normalizeSecNSecERjS0_
                0x0000000008044918       0x1c app/libapp.a(time.cpp.obj)
                0x0000000008044918                ros::normalizeSecNSec(unsigned int&, unsigned int&)
 .text.char_out
                0x0000000008044934       0x10 zephyr/libzephyr.a(printk.c.obj)
 .text.__printk_hook_install
                0x0000000008044944        0xc zephyr/libzephyr.a(printk.c.obj)
                0x0000000008044944                __printk_hook_install
 .text.vprintk  0x0000000008044950       0x1c zephyr/libzephyr.a(printk.c.obj)
                0x0000000008044950                vprintk
 .text.vsnprintk
                0x000000000804496c       0x28 zephyr/libzephyr.a(printk.c.obj)
                0x000000000804496c                vsnprintk
 .text.extract_decimal
                0x0000000008044994       0x2c zephyr/libzephyr.a(cbprintf_complete.c.obj)
 .text.encode_uint
                0x00000000080449c0       0x98 zephyr/libzephyr.a(cbprintf_complete.c.obj)
 .text.sys_reboot
                0x0000000008044a58       0x30 zephyr/libzephyr.a(reboot.c.obj)
                0x0000000008044a58                sys_reboot
 .text.foldcase
                0x0000000008044a88       0x18 zephyr/libzephyr.a(fnmatch.c.obj)
 .text.st_stm32f7_init
                0x0000000008044aa0       0xc4 zephyr/libzephyr.a(soc.c.obj)
 .text.enable_logger
                0x0000000008044b64       0x5c zephyr/libzephyr.a(log_core.c.obj)
 .text.log_process_thread_timer_expiry_fn
                0x0000000008044bc0        0xc zephyr/libzephyr.a(log_core.c.obj)
 .text.z_log_get_s_mask
                0x0000000008044bcc       0x4c zephyr/libzephyr.a(log_core.c.obj)
                0x0000000008044bcc                z_log_get_s_mask
 .text.log_core_init
                0x0000000008044c18       0x54 zephyr/libzephyr.a(log_core.c.obj)
                0x0000000008044c18                log_core_init
 .text.log_init
                0x0000000008044c6c       0x58 zephyr/libzephyr.a(log_core.c.obj)
                0x0000000008044c6c                log_init
 .text.get_msg  0x0000000008044cc4       0x28 zephyr/libzephyr.a(log_core.c.obj)
                0x0000000008044cc4                get_msg
 .text.z_log_notify_backend_enabled
                0x0000000008044cec       0x1c zephyr/libzephyr.a(log_core.c.obj)
                0x0000000008044cec                z_log_notify_backend_enabled
 .text.z_log_dropped
                0x0000000008044d08       0x3c zephyr/libzephyr.a(log_core.c.obj)
                0x0000000008044d08                z_log_dropped
 .text.z_log_dropped_read_and_clear
                0x0000000008044d44       0x20 zephyr/libzephyr.a(log_core.c.obj)
                0x0000000008044d44                z_log_dropped_read_and_clear
 .text.dropped_notify
                0x0000000008044d64       0x38 zephyr/libzephyr.a(log_core.c.obj)
                0x0000000008044d64                dropped_notify
 .text.z_log_strdup
                0x0000000008044d9c       0x70 zephyr/libzephyr.a(log_core.c.obj)
                0x0000000008044d9c                z_log_strdup
 .text.log_is_strdup
                0x0000000008044e0c       0x20 zephyr/libzephyr.a(log_core.c.obj)
                0x0000000008044e0c                log_is_strdup
 .text.z_impl_log_process
                0x0000000008044e2c      0x168 zephyr/libzephyr.a(log_core.c.obj)
                0x0000000008044e2c                z_impl_log_process
 .text.log_process_thread_func
                0x0000000008044f94       0x48 zephyr/libzephyr.a(log_core.c.obj)
 .text.msg_finalize
                0x0000000008044fdc       0xc0 zephyr/libzephyr.a(log_core.c.obj)
 .text.z_impl_log_panic
                0x000000000804509c       0x48 zephyr/libzephyr.a(log_core.c.obj)
                0x000000000804509c                z_impl_log_panic
 .text.log_free
                0x00000000080450e4       0x34 zephyr/libzephyr.a(log_core.c.obj)
                0x00000000080450e4                log_free
 .text.z_log_runtime_filters_init
                0x0000000008045118       0x3c zephyr/libzephyr.a(log_mgmt.c.obj)
                0x0000000008045118                z_log_runtime_filters_init
 .text.log_source_name_get
                0x0000000008045154       0x1c zephyr/libzephyr.a(log_mgmt.c.obj)
                0x0000000008045154                log_source_name_get
 .text.z_impl_log_filter_set
                0x0000000008045170       0xa8 zephyr/libzephyr.a(log_mgmt.c.obj)
                0x0000000008045170                z_impl_log_filter_set
 .text.backend_filter_set
                0x0000000008045218       0x30 zephyr/libzephyr.a(log_mgmt.c.obj)
 .text.log_backend_enable
                0x0000000008045248       0x2c zephyr/libzephyr.a(log_mgmt.c.obj)
                0x0000000008045248                log_backend_enable
 .text.log_filter_get
                0x0000000008045274       0x34 zephyr/libzephyr.a(log_mgmt.c.obj)
                0x0000000008045274                log_filter_get
 .text.log_msg_pool_init
                0x00000000080452a8       0x14 zephyr/libzephyr.a(log_msg.c.obj)
                0x00000000080452a8                log_msg_pool_init
 .text.log_msg_no_space_handle
                0x00000000080452bc       0x34 zephyr/libzephyr.a(log_msg.c.obj)
                0x00000000080452bc                log_msg_no_space_handle
 .text.log_msg_chunk_alloc
                0x00000000080452f0       0x28 zephyr/libzephyr.a(log_msg.c.obj)
                0x00000000080452f0                log_msg_chunk_alloc
 .text.msg_free
                0x0000000008045318       0x7c zephyr/libzephyr.a(log_msg.c.obj)
 .text.log_msg_mem_get_free
                0x0000000008045394       0x10 zephyr/libzephyr.a(log_msg.c.obj)
                0x0000000008045394                log_msg_mem_get_free
 .text.log_msg_mem_get_used
                0x00000000080453a4        0xc zephyr/libzephyr.a(log_msg.c.obj)
                0x00000000080453a4                log_msg_mem_get_used
 .text.print_formatted
                0x00000000080453b0       0x24 zephyr/libzephyr.a(log_output.c.obj)
 .text.hexdump_line_print
                0x00000000080453d4       0xe4 zephyr/libzephyr.a(log_output.c.obj)
 .text.prefix_print
                0x00000000080454b8      0x124 zephyr/libzephyr.a(log_output.c.obj)
 .text.postfix_print
                0x00000000080455dc       0x3c zephyr/libzephyr.a(log_output.c.obj)
 .text.log_output_msg_process
                0x0000000008045618       0xf8 zephyr/libzephyr.a(log_output.c.obj)
                0x0000000008045618                log_output_msg_process
 .text.log_output_dropped_process
                0x0000000008045710       0x58 zephyr/libzephyr.a(log_output.c.obj)
                0x0000000008045710                log_output_dropped_process
 .text.log_output_timestamp_freq_set
                0x0000000008045768       0x30 zephyr/libzephyr.a(log_output.c.obj)
                0x0000000008045768                log_output_timestamp_freq_set
 .text.severity_lvl_get
                0x0000000008045798       0x24 zephyr/libzephyr.a(log_cmds.c.obj)
 .text.backend_name_get
                0x00000000080457bc       0x30 zephyr/libzephyr.a(log_cmds.c.obj)
 .text.cmd_log_memory_slabs
                0x00000000080457ec       0x40 zephyr/libzephyr.a(log_cmds.c.obj)
 .text.cmd_log_backends_list
                0x000000000804582c       0x60 zephyr/libzephyr.a(log_cmds.c.obj)
 .text.log_status
                0x000000000804588c       0xb8 zephyr/libzephyr.a(log_cmds.c.obj)
 .text.module_name_get
                0x0000000008045944       0x20 zephyr/libzephyr.a(log_cmds.c.obj)
 .text.shell_backend_cmd_execute
                0x0000000008045964       0x7c zephyr/libzephyr.a(log_cmds.c.obj)
 .text.cmd_log_backend_status
                0x00000000080459e0       0x10 zephyr/libzephyr.a(log_cmds.c.obj)
 .text.cmd_log_backend_halt
                0x00000000080459f0        0xc zephyr/libzephyr.a(log_cmds.c.obj)
 .text.cmd_log_backend_go
                0x00000000080459fc        0xc zephyr/libzephyr.a(log_cmds.c.obj)
 .text.cmd_log_backend_enable
                0x0000000008045a08        0xc zephyr/libzephyr.a(log_cmds.c.obj)
 .text.cmd_log_backend_disable
                0x0000000008045a14        0xc zephyr/libzephyr.a(log_cmds.c.obj)
 .text.shell_state_precheck
                0x0000000008045a20       0x20 zephyr/libzephyr.a(log_cmds.c.obj)
 .text.filters_set
                0x0000000008045a40       0xd4 zephyr/libzephyr.a(log_cmds.c.obj)
 .text.log_enable
                0x0000000008045b14       0x60 zephyr/libzephyr.a(log_cmds.c.obj)
 .text.cmd_kernel_version
                0x0000000008045b74       0x2c zephyr/libzephyr.a(kernel_service.c.obj)
 .text.cmd_kernel_uptime
                0x0000000008045ba0       0x24 zephyr/libzephyr.a(kernel_service.c.obj)
 .text.cmd_kernel_threads
                0x0000000008045bc4       0x38 zephyr/libzephyr.a(kernel_service.c.obj)
 .text.cmd_kernel_stacks
                0x0000000008045bfc       0x64 zephyr/libzephyr.a(kernel_service.c.obj)
 .text.shell_tdata_dump
                0x0000000008045c60       0xcc zephyr/libzephyr.a(kernel_service.c.obj)
 .text.cmd_kernel_cycles
                0x0000000008045d2c       0x1c zephyr/libzephyr.a(kernel_service.c.obj)
 .text.shell_stack_dump
                0x0000000008045d48       0x6c zephyr/libzephyr.a(kernel_service.c.obj)
 .text.get_device_name
                0x0000000008045db4       0x20 zephyr/libzephyr.a(device_service.c.obj)
 .text.cmd_device_list_visitor
                0x0000000008045dd4       0x20 zephyr/libzephyr.a(device_service.c.obj)
 .text.cmd_device_list
                0x0000000008045df4       0x98 zephyr/libzephyr.a(device_service.c.obj)
 .text.device_get_config_level
                0x0000000008045e8c       0x54 zephyr/libzephyr.a(device_service.c.obj)
 .text.cmd_device_levels
                0x0000000008045ee0       0x94 zephyr/libzephyr.a(device_service.c.obj)
 .text.cmd_devmem
                0x0000000008045f74       0xcc zephyr/libzephyr.a(devmem_service.c.obj)
 .text.set_bypass.isra.0
                0x0000000008046040       0x48 zephyr/libzephyr.a(devmem_service.c.obj)
 .text.bypass_cb
                0x0000000008046088      0x118 zephyr/libzephyr.a(devmem_service.c.obj)
 .text.cmd_load
                0x00000000080461a0       0xe4 zephyr/libzephyr.a(devmem_service.c.obj)
 .text.shell_internal_help_print
                0x0000000008046284       0x20 zephyr/libzephyr.a(shell.c.obj)
 .text.z_cursor_next_line_move.isra.0
                0x00000000080462a4        0xc zephyr/libzephyr.a(shell.c.obj)
 .text.history_handle
                0x00000000080462b0       0xa0 zephyr/libzephyr.a(shell.c.obj)
 .text.execute  0x0000000008046350      0x2bc zephyr/libzephyr.a(shell.c.obj)
 .text.state_set.constprop.0
                0x000000000804660c       0x48 zephyr/libzephyr.a(shell.c.obj)
 .text.shell_process
                0x0000000008046654      0x67c zephyr/libzephyr.a(shell.c.obj)
                0x0000000008046654                shell_process
 .text.shell_init
                0x0000000008046cd0      0x114 zephyr/libzephyr.a(shell.c.obj)
                0x0000000008046cd0                shell_init
 .text.shell_start
                0x0000000008046de4       0x4c zephyr/libzephyr.a(shell.c.obj)
                0x0000000008046de4                shell_start
 .text.shell_thread
                0x0000000008046e30       0xcc zephyr/libzephyr.a(shell.c.obj)
                0x0000000008046e30                shell_thread
 .text.cmd_help
                0x0000000008046efc       0x4c zephyr/libzephyr.a(shell.c.obj)
 .text.shell_hexdump_line
                0x0000000008046f48       0xd8 zephyr/libzephyr.a(shell.c.obj)
                0x0000000008046f48                shell_hexdump_line
 .text.z_shell_fprintf_fmt
                0x0000000008047020       0x28 zephyr/libzephyr.a(shell_fprintf.c.obj)
                0x0000000008047020                z_shell_fprintf_fmt
 .text.z_shell_make_argv
                0x0000000008047048      0x178 zephyr/libzephyr.a(shell_utils.c.obj)
                0x0000000008047048                z_shell_make_argv
 .text.z_shell_cmd_get
                0x00000000080471c0       0x4c zephyr/libzephyr.a(shell_utils.c.obj)
                0x00000000080471c0                z_shell_cmd_get
 .text.z_shell_spaces_trim
                0x000000000804720c       0x70 zephyr/libzephyr.a(shell_utils.c.obj)
                0x000000000804720c                z_shell_spaces_trim
 .text.z_shell_cmd_trim
                0x000000000804727c       0x68 zephyr/libzephyr.a(shell_utils.c.obj)
                0x000000000804727c                z_shell_cmd_trim
 .text.z_cursor_next_line_move.isra.0
                0x00000000080472e4        0xc zephyr/libzephyr.a(shell_ops.c.obj)
 .text.z_clear_eos.isra.0
                0x00000000080472f0       0x10 zephyr/libzephyr.a(shell_ops.c.obj)
 .text.z_shell_op_cursor_vert_move
                0x0000000008047300       0x20 zephyr/libzephyr.a(shell_ops.c.obj)
                0x0000000008047300                z_shell_op_cursor_vert_move
 .text.z_shell_op_cursor_horiz_move
                0x0000000008047320       0x20 zephyr/libzephyr.a(shell_ops.c.obj)
                0x0000000008047320                z_shell_op_cursor_horiz_move
 .text.z_shell_op_cursor_word_move
                0x0000000008047340       0x74 zephyr/libzephyr.a(shell_ops.c.obj)
                0x0000000008047340                z_shell_op_cursor_word_move
 .text.z_shell_print_cmd
                0x00000000080473b4       0x10 zephyr/libzephyr.a(shell_ops.c.obj)
                0x00000000080473b4                z_shell_print_cmd
 .text.z_shell_vt100_color_set
                0x00000000080473c4       0x6c zephyr/libzephyr.a(shell_ops.c.obj)
                0x00000000080473c4                z_shell_vt100_color_set
 .text.z_shell_vt100_colors_restore
                0x0000000008047430       0x58 zephyr/libzephyr.a(shell_ops.c.obj)
                0x0000000008047430                z_shell_vt100_colors_restore
 .text.z_shell_op_word_remove
                0x0000000008047488       0xb0 zephyr/libzephyr.a(shell_ops.c.obj)
                0x0000000008047488                z_shell_op_word_remove
 .text.reprint_from_cursor
                0x0000000008047538       0x7c zephyr/libzephyr.a(shell_ops.c.obj)
 .text.z_shell_op_char_insert
                0x00000000080475b4       0x68 zephyr/libzephyr.a(shell_ops.c.obj)
                0x00000000080475b4                z_shell_op_char_insert
 .text.z_shell_print_prompt_and_cmd
                0x000000000804761c       0x30 zephyr/libzephyr.a(shell_ops.c.obj)
                0x000000000804761c                z_shell_print_prompt_and_cmd
 .text.init     0x000000000804764c       0x44 zephyr/libzephyr.a(shell_uart.c.obj)
 .text.enable_shell_uart
                0x0000000008047690       0x30 zephyr/libzephyr.a(shell_uart.c.obj)
 .text.uart_callback
                0x00000000080476c0      0x120 zephyr/libzephyr.a(shell_uart.c.obj)
 .text.z_cursor_next_line_move.isra.0
                0x00000000080477e0        0xc zephyr/libzephyr.a(shell_help.c.obj)
 .text.formatted_text_print.constprop.0
                0x00000000080477ec       0xe8 zephyr/libzephyr.a(shell_help.c.obj)
 .text.z_shell_help_subcmd_print
                0x00000000080478d4       0xf0 zephyr/libzephyr.a(shell_help.c.obj)
                0x00000000080478d4                z_shell_help_subcmd_print
 .text.z_shell_help_cmd_print
                0x00000000080479c4       0x48 zephyr/libzephyr.a(shell_help.c.obj)
                0x00000000080479c4                z_shell_help_cmd_print
 .text.z_shell_help_request
                0x0000000008047a0c       0x28 zephyr/libzephyr.a(shell_help.c.obj)
                0x0000000008047a0c                z_shell_help_request
 .text.cmd_clear
                0x0000000008047a34       0x28 zephyr/libzephyr.a(shell_cmds.c.obj)
 .text.cmd_resize_default
                0x0000000008047a5c       0x24 zephyr/libzephyr.a(shell_cmds.c.obj)
 .text.cmd_shell_stats_show
                0x0000000008047a80       0x18 zephyr/libzephyr.a(shell_cmds.c.obj)
 .text.cmd_history
                0x0000000008047a98       0x48 zephyr/libzephyr.a(shell_cmds.c.obj)
 .text.cmd_echo
                0x0000000008047ae0       0x54 zephyr/libzephyr.a(shell_cmds.c.obj)
 .text.cmd_resize
                0x0000000008047b34      0x184 zephyr/libzephyr.a(shell_cmds.c.obj)
 .text.z_shell_wildcard_process
                0x0000000008047cb8       0xec zephyr/libzephyr.a(shell_wildcard.c.obj)
                0x0000000008047cb8                z_shell_wildcard_process
 .text.__do_init_array_aux
                0x0000000008047da4       0x1c zephyr/libzephyr.a(cpp_init_array.c.obj)
                0x0000000008047da4                __do_init_array_aux
 .text.__do_global_ctors_aux
                0x0000000008047dc0       0x1c zephyr/libzephyr.a(cpp_ctors.c.obj)
                0x0000000008047dc0                __do_global_ctors_aux
 .text.disk_init
                0x0000000008047ddc       0x1c zephyr/libzephyr.a(disk_access.c.obj)
 .text.disk_access_get_di
                0x0000000008047df8       0x5c zephyr/libzephyr.a(disk_access.c.obj)
                0x0000000008047df8                disk_access_get_di
 .text.disk_access_register
                0x0000000008047e54       0x88 zephyr/libzephyr.a(disk_access.c.obj)
                0x0000000008047e54                disk_access_register
 .text.stm32_pin_configure
                0x0000000008047edc       0x48 zephyr/libzephyr.a(pinmux_stm32.c.obj)
 .text.z_arm_cpu_idle_init
                0x0000000008047f24        0xc zephyr/arch/arch/arm/core/aarch32/libarch__arm__core__aarch32.a(cpu_idle.S.obj)
                0x0000000008047f24                z_arm_cpu_idle_init
 .text.arch_cpu_idle
                0x0000000008047f30       0x1c zephyr/arch/arch/arm/core/aarch32/libarch__arm__core__aarch32.a(cpu_idle.S.obj)
                0x0000000008047f30                arch_cpu_idle
 .text.z_arm_fatal_error
                0x0000000008047f4c      0x11c zephyr/arch/arch/arm/core/aarch32/libarch__arm__core__aarch32.a(fatal.c.obj)
                0x0000000008047f4c                z_arm_fatal_error
 .text.arch_irq_enable
                0x0000000008048068       0x20 zephyr/arch/arch/arm/core/aarch32/libarch__arm__core__aarch32.a(irq_manage.c.obj)
                0x0000000008048068                arch_irq_enable
 .text.z_arm_irq_priority_set
                0x0000000008048088       0x2c zephyr/arch/arch/arm/core/aarch32/libarch__arm__core__aarch32.a(irq_manage.c.obj)
                0x0000000008048088                z_arm_irq_priority_set
 .text.z_SysNmiOnReset
                0x00000000080480b4        0x8 zephyr/arch/arch/arm/core/aarch32/libarch__arm__core__aarch32.a(nmi_on_reset.S.obj)
                0x00000000080480b4                z_SysNmiOnReset
 .text.z_arm_prep_c
                0x00000000080480bc       0x5c zephyr/arch/arch/arm/core/aarch32/libarch__arm__core__aarch32.a(prep_c.c.obj)
                0x00000000080480bc                z_arm_prep_c
 .text.arch_swap
                0x0000000008048118       0x38 zephyr/arch/arch/arm/core/aarch32/libarch__arm__core__aarch32.a(swap.c.obj)
                0x0000000008048118                arch_swap
 .text.z_arm_pendsv
                0x0000000008048150       0x94 zephyr/arch/arch/arm/core/aarch32/libarch__arm__core__aarch32.a(swap_helper.S.obj)
                0x0000000008048150                z_arm_pendsv
 .text.z_arm_svc
                0x00000000080481e4       0x20 zephyr/arch/arch/arm/core/aarch32/libarch__arm__core__aarch32.a(swap_helper.S.obj)
                0x00000000080481e4                z_arm_svc
 .text.arch_new_thread
                0x0000000008048204       0x64 zephyr/arch/arch/arm/core/aarch32/libarch__arm__core__aarch32.a(thread.c.obj)
                0x0000000008048204                arch_new_thread
 .text.z_arm_mpu_stack_guard_and_fpu_adjust
                0x0000000008048268       0x7c zephyr/arch/arch/arm/core/aarch32/libarch__arm__core__aarch32.a(thread.c.obj)
                0x0000000008048268                z_arm_mpu_stack_guard_and_fpu_adjust
 .text.z_check_thread_stack_fail
                0x00000000080482e4       0x3c zephyr/arch/arch/arm/core/aarch32/libarch__arm__core__aarch32.a(thread.c.obj)
                0x00000000080482e4                z_check_thread_stack_fail
 .text.arch_switch_to_main_thread
                0x0000000008048320       0x48 zephyr/arch/arch/arm/core/aarch32/libarch__arm__core__aarch32.a(thread.c.obj)
                0x0000000008048320                arch_switch_to_main_thread
 .text._isr_wrapper
                0x0000000008048368       0x28 zephyr/arch/arch/arm/core/aarch32/libarch__arm__core__aarch32.a(isr_wrapper.S.obj)
                0x0000000008048368                _isr_wrapper
 .text._HandlerModeExit
                0x0000000008048390       0x1c zephyr/arch/arch/arm/core/aarch32/cortex_m/libarch__arm__core__aarch32__cortex_m.a(exc_exit.S.obj)
                0x0000000008048390                z_arm_exc_exit
                0x0000000008048390                z_arm_int_exit
 .text.mem_manage_fault
                0x00000000080483ac      0x164 zephyr/arch/arch/arm/core/aarch32/cortex_m/libarch__arm__core__aarch32__cortex_m.a(fault.c.obj)
 .text.usage_fault.constprop.0
                0x0000000008048510      0x118 zephyr/arch/arch/arm/core/aarch32/cortex_m/libarch__arm__core__aarch32__cortex_m.a(fault.c.obj)
 .text.bus_fault.constprop.0
                0x0000000008048628      0x148 zephyr/arch/arch/arm/core/aarch32/cortex_m/libarch__arm__core__aarch32__cortex_m.a(fault.c.obj)
 .text.z_arm_fault
                0x0000000008048770      0x22c zephyr/arch/arch/arm/core/aarch32/cortex_m/libarch__arm__core__aarch32__cortex_m.a(fault.c.obj)
                0x0000000008048770                z_arm_fault
 .text.z_arm_fault_init
                0x000000000804899c       0x10 zephyr/arch/arch/arm/core/aarch32/cortex_m/libarch__arm__core__aarch32__cortex_m.a(fault.c.obj)
                0x000000000804899c                z_arm_fault_init
 .text.__fault  0x00000000080489ac       0x14 zephyr/arch/arch/arm/core/aarch32/cortex_m/libarch__arm__core__aarch32__cortex_m.a(fault_s.S.obj)
                0x00000000080489ac                z_arm_bus_fault
                0x00000000080489ac                z_arm_usage_fault
                0x00000000080489ac                z_arm_mpu_fault
                0x00000000080489ac                z_arm_exc_spurious
                0x00000000080489ac                z_arm_debug_monitor
                0x00000000080489ac                z_arm_hard_fault
 .text.z_arm_interrupt_init
                0x00000000080489c0       0x18 zephyr/arch/arch/arm/core/aarch32/cortex_m/libarch__arm__core__aarch32__cortex_m.a(irq_init.c.obj)
                0x00000000080489c0                z_arm_interrupt_init
 .text._reset_section
                0x00000000080489d8       0x60 zephyr/arch/arch/arm/core/aarch32/cortex_m/libarch__arm__core__aarch32__cortex_m.a(reset.S.obj)
                0x00000000080489d8                z_arm_reset
                0x00000000080489d8                __start
 .text.sys_arch_reboot
                0x0000000008048a38       0x24 zephyr/arch/arch/arm/core/aarch32/cortex_m/libarch__arm__core__aarch32__cortex_m.a(scb.c.obj)
                0x0000000008048a38                sys_arch_reboot
 .text.z_arm_clear_arm_mpu_config
                0x0000000008048a5c       0x24 zephyr/arch/arch/arm/core/aarch32/cortex_m/libarch__arm__core__aarch32__cortex_m.a(scb.c.obj)
                0x0000000008048a5c                z_arm_clear_arm_mpu_config
 .text.z_arm_init_arch_hw_at_boot
                0x0000000008048a80      0x110 zephyr/arch/arch/arm/core/aarch32/cortex_m/libarch__arm__core__aarch32__cortex_m.a(scb.c.obj)
                0x0000000008048a80                z_arm_init_arch_hw_at_boot
 .text.z_impl_k_thread_abort
                0x0000000008048b90       0x24 zephyr/arch/arch/arm/core/aarch32/cortex_m/libarch__arm__core__aarch32__cortex_m.a(thread_abort.c.obj)
                0x0000000008048b90                z_impl_k_thread_abort
 .text.z_arm_configure_static_mpu_regions
                0x0000000008048bb4       0x18 zephyr/arch/arch/arm/core/aarch32/mpu/libarch__arm__core__aarch32__mpu.a(arm_core_mpu.c.obj)
                0x0000000008048bb4                z_arm_configure_static_mpu_regions
 .text.z_arm_configure_dynamic_mpu_regions
                0x0000000008048bcc       0x2c zephyr/arch/arch/arm/core/aarch32/mpu/libarch__arm__core__aarch32__mpu.a(arm_core_mpu.c.obj)
                0x0000000008048bcc                z_arm_configure_dynamic_mpu_regions
 .text.mpu_configure_regions
                0x0000000008048bf8       0xd0 zephyr/arch/arch/arm/core/aarch32/mpu/libarch__arm__core__aarch32__mpu.a(arm_mpu.c.obj)
 .text.arm_core_mpu_enable
                0x0000000008048cc8       0x18 zephyr/arch/arch/arm/core/aarch32/mpu/libarch__arm__core__aarch32__mpu.a(arm_mpu.c.obj)
                0x0000000008048cc8                arm_core_mpu_enable
 .text.arm_core_mpu_disable
                0x0000000008048ce0       0x14 zephyr/arch/arch/arm/core/aarch32/mpu/libarch__arm__core__aarch32__mpu.a(arm_mpu.c.obj)
                0x0000000008048ce0                arm_core_mpu_disable
 .text.arm_core_mpu_configure_static_mpu_regions
                0x0000000008048cf4       0x14 zephyr/arch/arch/arm/core/aarch32/mpu/libarch__arm__core__aarch32__mpu.a(arm_mpu.c.obj)
                0x0000000008048cf4                arm_core_mpu_configure_static_mpu_regions
 .text.arm_core_mpu_configure_dynamic_mpu_regions
                0x0000000008048d08       0x30 zephyr/arch/arch/arm/core/aarch32/mpu/libarch__arm__core__aarch32__mpu.a(arm_mpu.c.obj)
                0x0000000008048d08                arm_core_mpu_configure_dynamic_mpu_regions
 .text.z_arm_mpu_init
                0x0000000008048d38       0x60 zephyr/arch/arch/arm/core/aarch32/mpu/libarch__arm__core__aarch32__mpu.a(arm_mpu.c.obj)
                0x0000000008048d38                z_arm_mpu_init
 .text.__stdout_hook_install
                0x0000000008048d98        0xc zephyr/lib/libc/newlib/liblib__libc__newlib.a(libc-hooks.c.obj)
                0x0000000008048d98                __stdout_hook_install
 .text.z_impl_zephyr_read_stdin
                0x0000000008048da4       0x28 zephyr/lib/libc/newlib/liblib__libc__newlib.a(libc-hooks.c.obj)
                0x0000000008048da4                z_impl_zephyr_read_stdin
 .text.z_impl_zephyr_write_stdout
                0x0000000008048dcc       0x30 zephyr/lib/libc/newlib/liblib__libc__newlib.a(libc-hooks.c.obj)
                0x0000000008048dcc                z_impl_zephyr_write_stdout
 .text._exit    0x0000000008048dfc       0x10 zephyr/lib/libc/newlib/liblib__libc__newlib.a(libc-hooks.c.obj)
                0x0000000008048dfc                _exit
 .text._sbrk    0x0000000008048e0c       0x28 zephyr/lib/libc/newlib/liblib__libc__newlib.a(libc-hooks.c.obj)
                0x0000000008048e0c                _sbrk
                0x0000000008048e0c                sbrk
 .text.__chk_fail
                0x0000000008048e34       0x1c zephyr/lib/libc/newlib/liblib__libc__newlib.a(libc-hooks.c.obj)
                0x0000000008048e34                __chk_fail
 .text.registry_find
                0x0000000008048e50       0x2c zephyr/subsys/fs/libsubsys__fs.a(fs.c.obj)
 .text.fs_init  0x0000000008048e7c       0x1c zephyr/subsys/fs/libsubsys__fs.a(fs.c.obj)
 .text.k_mutex_lock.constprop.0.isra.0
                0x0000000008048e98       0x10 zephyr/subsys/fs/libsubsys__fs.a(fs.c.obj)
 .text.k_mutex_unlock.constprop.0.isra.0
                0x0000000008048ea8        0xc zephyr/subsys/fs/libsubsys__fs.a(fs.c.obj)
 .text.fs_get_mnt_point
                0x0000000008048eb4       0x8c zephyr/subsys/fs/libsubsys__fs.a(fs.c.obj)
 .text.fs_open  0x0000000008048f40       0xdc zephyr/subsys/fs/libsubsys__fs.a(fs.c.obj)
                0x0000000008048f40                fs_open
 .text.fs_close
                0x000000000804901c       0x4c zephyr/subsys/fs/libsubsys__fs.a(fs.c.obj)
                0x000000000804901c                fs_close
 .text.fs_read  0x0000000008049068       0x4c zephyr/subsys/fs/libsubsys__fs.a(fs.c.obj)
                0x0000000008049068                fs_read
 .text.fs_write
                0x00000000080490b4       0x4c zephyr/subsys/fs/libsubsys__fs.a(fs.c.obj)
                0x00000000080490b4                fs_write
 .text.fs_seek  0x0000000008049100       0x4c zephyr/subsys/fs/libsubsys__fs.a(fs.c.obj)
                0x0000000008049100                fs_seek
 .text.fs_truncate
                0x000000000804914c       0x4c zephyr/subsys/fs/libsubsys__fs.a(fs.c.obj)
                0x000000000804914c                fs_truncate
 .text.fs_opendir
                0x0000000008049198      0x100 zephyr/subsys/fs/libsubsys__fs.a(fs.c.obj)
                0x0000000008049198                fs_opendir
 .text.fs_readdir
                0x0000000008049298      0x110 zephyr/subsys/fs/libsubsys__fs.a(fs.c.obj)
                0x0000000008049298                fs_readdir
 .text.fs_closedir
                0x00000000080493a8       0x54 zephyr/subsys/fs/libsubsys__fs.a(fs.c.obj)
                0x00000000080493a8                fs_closedir
 .text.fs_mkdir
                0x00000000080493fc       0xb8 zephyr/subsys/fs/libsubsys__fs.a(fs.c.obj)
                0x00000000080493fc                fs_mkdir
 .text.fs_unlink
                0x00000000080494b4       0xb8 zephyr/subsys/fs/libsubsys__fs.a(fs.c.obj)
                0x00000000080494b4                fs_unlink
 .text.fs_stat  0x000000000804956c       0xb4 zephyr/subsys/fs/libsubsys__fs.a(fs.c.obj)
                0x000000000804956c                fs_stat
 .text.fs_statvfs
                0x0000000008049620       0xac zephyr/subsys/fs/libsubsys__fs.a(fs.c.obj)
                0x0000000008049620                fs_statvfs
 .text.fs_mount
                0x00000000080496cc      0x1a4 zephyr/subsys/fs/libsubsys__fs.a(fs.c.obj)
                0x00000000080496cc                fs_mount
 .text.fs_register
                0x0000000008049870       0x50 zephyr/subsys/fs/libsubsys__fs.a(fs.c.obj)
                0x0000000008049870                fs_register
 .text.translate_error
                0x00000000080498c0       0x14 zephyr/subsys/fs/libsubsys__fs.a(fat_fs.c.obj)
 .text.fatfs_init
                0x00000000080498d4        0xc zephyr/subsys/fs/libsubsys__fs.a(fat_fs.c.obj)
 .text.fatfs_mount
                0x00000000080498e0       0x68 zephyr/subsys/fs/libsubsys__fs.a(fat_fs.c.obj)
 .text.fatfs_closedir
                0x0000000008049948       0x24 zephyr/subsys/fs/libsubsys__fs.a(fat_fs.c.obj)
 .text.fatfs_close
                0x000000000804996c       0x28 zephyr/subsys/fs/libsubsys__fs.a(fat_fs.c.obj)
 .text.fatfs_opendir
                0x0000000008049994       0x50 zephyr/subsys/fs/libsubsys__fs.a(fat_fs.c.obj)
 .text.fatfs_open
                0x00000000080499e4       0x58 zephyr/subsys/fs/libsubsys__fs.a(fat_fs.c.obj)
 .text.cmd_pwd  0x0000000008049a3c       0x18 zephyr/subsys/fs/libsubsys__fs.a(shell.c.obj)
 .text.cmd_mount_fat
                0x0000000008049a54       0x6c zephyr/subsys/fs/libsubsys__fs.a(shell.c.obj)
 .text.create_abs_path.constprop.0
                0x0000000008049ac0       0x74 zephyr/subsys/fs/libsubsys__fs.a(shell.c.obj)
 .text.cmd_cd   0x0000000008049b34       0x98 zephyr/subsys/fs/libsubsys__fs.a(shell.c.obj)
 .text.cmd_ls   0x0000000008049bcc       0xb4 zephyr/subsys/fs/libsubsys__fs.a(shell.c.obj)
 .text.cmd_mkdir
                0x0000000008049c80       0x30 zephyr/subsys/fs/libsubsys__fs.a(shell.c.obj)
 .text.cmd_read
                0x0000000008049cb0      0x1a8 zephyr/subsys/fs/libsubsys__fs.a(shell.c.obj)
 .text.cmd_cat  0x0000000008049e58       0xd8 zephyr/subsys/fs/libsubsys__fs.a(shell.c.obj)
 .text.cmd_rm   0x0000000008049f30       0x30 zephyr/subsys/fs/libsubsys__fs.a(shell.c.obj)
 .text.cmd_statvfs
                0x0000000008049f60       0x54 zephyr/subsys/fs/libsubsys__fs.a(shell.c.obj)
 .text.cmd_trunc
                0x0000000008049fb4       0x7c zephyr/subsys/fs/libsubsys__fs.a(shell.c.obj)
 .text.cmd_write
                0x000000000804a030      0x100 zephyr/subsys/fs/libsubsys__fs.a(shell.c.obj)
 .text.__stm32_exti_isr.isra.0
                0x000000000804a130       0x40 zephyr/drivers/interrupt_controller/libdrivers__interrupt_controller.a(intc_exti_stm32.c.obj)
 .text.stm32_exti_enable
                0x000000000804a170       0x1c zephyr/drivers/interrupt_controller/libdrivers__interrupt_controller.a(intc_exti_stm32.c.obj)
                0x000000000804a170                stm32_exti_enable
 .text.stm32_exti_disable
                0x000000000804a18c       0x1c zephyr/drivers/interrupt_controller/libdrivers__interrupt_controller.a(intc_exti_stm32.c.obj)
                0x000000000804a18c                stm32_exti_disable
 .text.stm32_exti_trigger
                0x000000000804a1a8       0x68 zephyr/drivers/interrupt_controller/libdrivers__interrupt_controller.a(intc_exti_stm32.c.obj)
                0x000000000804a1a8                stm32_exti_trigger
 .text.stm32_exti_set_callback
                0x000000000804a210       0x24 zephyr/drivers/interrupt_controller/libdrivers__interrupt_controller.a(intc_exti_stm32.c.obj)
                0x000000000804a210                stm32_exti_set_callback
 .text.stm32_exti_unset_callback
                0x000000000804a234       0x14 zephyr/drivers/interrupt_controller/libdrivers__interrupt_controller.a(intc_exti_stm32.c.obj)
                0x000000000804a234                stm32_exti_unset_callback
 .text.stm32_sdmmc_access_write
                0x000000000804a248       0x54 zephyr/drivers/disk/libdrivers__disk.a(sdmmc_stm32.c.obj)
 .text.stm32_sdmmc_access_read
                0x000000000804a29c       0x54 zephyr/drivers/disk/libdrivers__disk.a(sdmmc_stm32.c.obj)
 .text.stm32_sdmmc_card_present.part.0
                0x000000000804a2f0       0x64 zephyr/drivers/disk/libdrivers__disk.a(sdmmc_stm32.c.obj)
 .text.stm32_sdmmc_access_init
                0x000000000804a354       0x9c zephyr/drivers/disk/libdrivers__disk.a(sdmmc_stm32.c.obj)
 .text.stm32_sdmmc_cd_handler
                0x000000000804a3f0       0x48 zephyr/drivers/disk/libdrivers__disk.a(sdmmc_stm32.c.obj)
 .text.disk_stm32_sdmmc_init
                0x000000000804a438      0x160 zephyr/drivers/disk/libdrivers__disk.a(sdmmc_stm32.c.obj)
 .text.adc_gain_invert
                0x000000000804a598       0x2c zephyr/drivers/adc/libdrivers__adc.a(adc_common.c.obj)
                0x000000000804a598                adc_gain_invert
 .text.get_adc  0x000000000804a5c4       0x2c zephyr/drivers/adc/libdrivers__adc.a(adc_shell.c.obj)
 .text.cmd_adc_print
                0x000000000804a5f0       0x44 zephyr/drivers/adc/libdrivers__adc.a(adc_shell.c.obj)
 .text.cmd_adc_reso
                0x000000000804a634       0x68 zephyr/drivers/adc/libdrivers__adc.a(adc_shell.c.obj)
 .text.cmd_adc_dev_get
                0x000000000804a69c       0x28 zephyr/drivers/adc/libdrivers__adc.a(adc_shell.c.obj)
 .text.cmd_adc_gain.constprop.0
                0x000000000804a6c4       0x74 zephyr/drivers/adc/libdrivers__adc.a(adc_shell.c.obj)
 .text.cmd_adc_ref.constprop.0
                0x000000000804a738       0x74 zephyr/drivers/adc/libdrivers__adc.a(adc_shell.c.obj)
 .text.cmd_adc_acq
                0x000000000804a7ac       0xbc zephyr/drivers/adc/libdrivers__adc.a(adc_shell.c.obj)
 .text.cmd_adc_ch_id
                0x000000000804a868       0x70 zephyr/drivers/adc/libdrivers__adc.a(adc_shell.c.obj)
 .text.cmd_adc_read
                0x000000000804a8d8       0x90 zephyr/drivers/adc/libdrivers__adc.a(adc_shell.c.obj)
 .text.adc_stm32_read
                0x000000000804a968      0x208 zephyr/drivers/adc/libdrivers__adc.a(adc_stm32.c.obj)
 .text.adc_stm32_channel_setup
                0x000000000804ab70      0x190 zephyr/drivers/adc/libdrivers__adc.a(adc_stm32.c.obj)
 .text.adc_stm32_init
                0x000000000804ad00       0x98 zephyr/drivers/adc/libdrivers__adc.a(adc_stm32.c.obj)
 .text.stm32_clock_control_on
                0x000000000804ad98       0x88 zephyr/drivers/clock_control/libdrivers__clock_control.a(clock_stm32_ll_common.c.obj)
 .text.stm32_clock_control_off
                0x000000000804ae20       0x64 zephyr/drivers/clock_control/libdrivers__clock_control.a(clock_stm32_ll_common.c.obj)
 .text.stm32_clock_control_get_subsys_rate
                0x000000000804ae84       0x2c zephyr/drivers/clock_control/libdrivers__clock_control.a(clock_stm32_ll_common.c.obj)
 .text.stm32_clock_control_init
                0x000000000804aeb0       0xb0 zephyr/drivers/clock_control/libdrivers__clock_control.a(clock_stm32_ll_common.c.obj)
                0x000000000804aeb0                stm32_clock_control_init
 .text.config_enable_default_clocks
                0x000000000804af60       0x20 zephyr/drivers/clock_control/libdrivers__clock_control.a(clock_stm32f2_f4_f7.c.obj)
                0x000000000804af60                config_enable_default_clocks
 .text.uart_console_init
                0x000000000804af80       0x30 zephyr/drivers/console/libdrivers__console.a(uart_console.c.obj)
 .text.console_out
                0x000000000804afb0       0x28 zephyr/drivers/console/libdrivers__console.a(uart_console.c.obj)
 .text.clock_control_on.constprop.0
                0x000000000804afd8       0x2c zephyr/drivers/gpio/libdrivers__gpio.a(gpio_stm32.c.obj)
 .text.gpio_stm32_pin_interrupt_configure
                0x000000000804b004      0x100 zephyr/drivers/gpio/libdrivers__gpio.a(gpio_stm32.c.obj)
 .text.gpio_stm32_clock_request
                0x000000000804b104       0x34 zephyr/drivers/gpio/libdrivers__gpio.a(gpio_stm32.c.obj)
                0x000000000804b104                gpio_stm32_clock_request
 .text.device_name_get
                0x000000000804b138       0x20 zephyr/drivers/i2c/libdrivers__i2c.a(i2c_shell.c.obj)
 .text.cmd_i2c_write_byte
                0x000000000804b158       0x90 zephyr/drivers/i2c/libdrivers__i2c.a(i2c_shell.c.obj)
 .text.cmd_i2c_read
                0x000000000804b1e8       0xbc zephyr/drivers/i2c/libdrivers__i2c.a(i2c_shell.c.obj)
 .text.cmd_i2c_scan
                0x000000000804b2a4       0xe8 zephyr/drivers/i2c/libdrivers__i2c.a(i2c_shell.c.obj)
 .text.cmd_i2c_recover
                0x000000000804b38c       0x4c zephyr/drivers/i2c/libdrivers__i2c.a(i2c_shell.c.obj)
 .text.cmd_i2c_read_byte
                0x000000000804b3d8       0xa4 zephyr/drivers/i2c/libdrivers__i2c.a(i2c_shell.c.obj)
 .text.cmd_i2c_write
                0x000000000804b47c       0xc4 zephyr/drivers/i2c/libdrivers__i2c.a(i2c_shell.c.obj)
 .text.msg_init
                0x000000000804b540       0x9c zephyr/drivers/i2c/libdrivers__i2c.a(i2c_ll_stm32_v2.c.obj)
 .text.stm32_i2c_configure_timing
                0x000000000804b5dc      0x17c zephyr/drivers/i2c/libdrivers__i2c.a(i2c_ll_stm32_v2.c.obj)
                0x000000000804b5dc                stm32_i2c_configure_timing
 .text.i2c_stm32_runtime_configure
                0x000000000804b758       0xa4 zephyr/drivers/i2c/libdrivers__i2c.a(i2c_ll_stm32.c.obj)
                0x000000000804b758                i2c_stm32_runtime_configure
 .text.i2c_stm32_init
                0x000000000804b7fc      0x148 zephyr/drivers/i2c/libdrivers__i2c.a(i2c_ll_stm32.c.obj)
 .text.ws2812_strip_update_channels
                0x000000000804b944       0x30 zephyr/drivers/led_strip/libdrivers__led_strip.a(ws2812_spi.c.obj)
 .text.ws2812_spi_init
                0x000000000804b974       0x8c zephyr/drivers/led_strip/libdrivers__led_strip.a(ws2812_spi.c.obj)
 .text.pwm_stm32_pin_set
                0x000000000804ba00      0x1f4 zephyr/drivers/pwm/libdrivers__pwm.a(pwm_stm32.c.obj)
 .text.pwm_stm32_init
                0x000000000804bbf4      0x16c zephyr/drivers/pwm/libdrivers__pwm.a(pwm_stm32.c.obj)
 .text.cmd_cycles
                0x000000000804bd60       0x94 zephyr/drivers/pwm/libdrivers__pwm.a(pwm_shell.c.obj)
 .text.cmd_usec
                0x000000000804bdf4      0x10c zephyr/drivers/pwm/libdrivers__pwm.a(pwm_shell.c.obj)
 .text.channel_name_get
                0x000000000804bf00       0x34 zephyr/drivers/sensor/libdrivers__sensor.a(sensor_shell.c.obj)
 .text.device_name_get
                0x000000000804bf34       0x20 zephyr/drivers/sensor/libdrivers__sensor.a(sensor_shell.c.obj)
 .text.cmd_get_sensor
                0x000000000804bf54       0xa0 zephyr/drivers/sensor/libdrivers__sensor.a(sensor_shell.c.obj)
 .text.spi_stm32_init
                0x000000000804bff4       0x8c zephyr/drivers/spi/libdrivers__spi.a(spi_ll_stm32.c.obj)
 .text.spi_stm32_transceive
                0x000000000804c080      0x584 zephyr/drivers/spi/libdrivers__spi.a(spi_ll_stm32.c.obj)
 .text.can_work_isr_put
                0x000000000804c604       0x6c zephyr/drivers/can/libdrivers__can.a(can_common.c.obj)
 .text.can_attach_workq
                0x000000000804c670       0x48 zephyr/drivers/can/libdrivers__can.a(can_common.c.obj)
                0x000000000804c670                can_attach_workq
 .text.can_calc_timing
                0x000000000804c6b8      0x130 zephyr/drivers/can/libdrivers__can.a(can_common.c.obj)
                0x000000000804c6b8                can_calc_timing
 .text.can_stm32_rx_isr
                0x000000000804c7e8       0xbc zephyr/drivers/can/libdrivers__can.a(can_stm32.c.obj)
 .text.can_enter_init_mode
                0x000000000804c8a4       0x3c zephyr/drivers/can/libdrivers__can.a(can_stm32.c.obj)
 .text.can_leave_init_mode
                0x000000000804c8e0       0x34 zephyr/drivers/can/libdrivers__can.a(can_stm32.c.obj)
 .text.can_stm32_set_timing
                0x000000000804c914       0xc0 zephyr/drivers/can/libdrivers__can.a(can_stm32.c.obj)
                0x000000000804c914                can_stm32_set_timing
 .text.can_stm32_set_mode
                0x000000000804c9d4       0xb8 zephyr/drivers/can/libdrivers__can.a(can_stm32.c.obj)
                0x000000000804c9d4                can_stm32_set_mode
 .text.can_stm32_send
                0x000000000804ca8c      0x164 zephyr/drivers/can/libdrivers__can.a(can_stm32.c.obj)
                0x000000000804ca8c                can_stm32_send
 .text.can_stm32_get_core_clock
                0x000000000804cbf0       0x64 zephyr/drivers/can/libdrivers__can.a(can_stm32.c.obj)
                0x000000000804cbf0                can_stm32_get_core_clock
 .text.can_stm32_init
                0x000000000804cc54      0x238 zephyr/drivers/can/libdrivers__can.a(can_stm32.c.obj)
 .text.can_calc_filter_index
                0x000000000804ce8c       0x5c zephyr/drivers/can/libdrivers__can.a(can_stm32.c.obj)
 .text.can_stm32_detach
                0x000000000804cee8       0xf8 zephyr/drivers/can/libdrivers__can.a(can_stm32.c.obj)
                0x000000000804cee8                can_stm32_detach
 .text.can_stm32_attach_isr
                0x000000000804cfe0      0x2fc zephyr/drivers/can/libdrivers__can.a(can_stm32.c.obj)
                0x000000000804cfe0                can_stm32_attach_isr
 .text.print_frame
                0x000000000804d2dc       0xa0 zephyr/drivers/can/libdrivers__can.a(can_shell.c.obj)
 .text.read_frame_options
                0x000000000804d37c       0x64 zephyr/drivers/can/libdrivers__can.a(can_shell.c.obj)
 .text.cmd_detach
                0x000000000804d3e0       0x6c zephyr/drivers/can/libdrivers__can.a(can_shell.c.obj)
 .text.read_id  0x000000000804d44c       0x80 zephyr/drivers/can/libdrivers__can.a(can_shell.c.obj)
 .text.cmd_config
                0x000000000804d4cc       0xf4 zephyr/drivers/can/libdrivers__can.a(can_shell.c.obj)
 .text.cmd_attach
                0x000000000804d5c0      0x1e0 zephyr/drivers/can/libdrivers__can.a(can_shell.c.obj)
 .text.cmd_send
                0x000000000804d7a0      0x148 zephyr/drivers/can/libdrivers__can.a(can_shell.c.obj)
 .text.flash_stm32_get_parameters
                0x000000000804d8e8        0x8 zephyr/drivers/flash/libdrivers__flash.a(flash_stm32.c.obj)
 .text.flash_stm32_read
                0x000000000804d8f0       0x58 zephyr/drivers/flash/libdrivers__flash.a(flash_stm32.c.obj)
 .text.flash_stm32_wait_flash_idle
                0x000000000804d948       0x7c zephyr/drivers/flash/libdrivers__flash.a(flash_stm32.c.obj)
                0x000000000804d948                flash_stm32_wait_flash_idle
 .text.flash_stm32_write_protection
                0x000000000804d9c4       0x40 zephyr/drivers/flash/libdrivers__flash.a(flash_stm32.c.obj)
 .text.flash_stm32_erase
                0x000000000804da04       0xac zephyr/drivers/flash/libdrivers__flash.a(flash_stm32.c.obj)
 .text.flash_stm32_write
                0x000000000804dab0       0x8c zephyr/drivers/flash/libdrivers__flash.a(flash_stm32.c.obj)
 .text.flash_stm32_block_erase_loop
                0x000000000804db3c       0x98 zephyr/drivers/flash/libdrivers__flash.a(flash_stm32f7x.c.obj)
                0x000000000804db3c                flash_stm32_block_erase_loop
 .text.flash_stm32_write_range
                0x000000000804dbd4       0x74 zephyr/drivers/flash/libdrivers__flash.a(flash_stm32f7x.c.obj)
                0x000000000804dbd4                flash_stm32_write_range
 .text.flash_stm32_page_layout
                0x000000000804dc48       0x24 zephyr/drivers/flash/libdrivers__flash.a(flash_stm32f7x.c.obj)
                0x000000000804dc48                flash_stm32_page_layout
 .text.cmd_flash
                0x000000000804dc6c       0x20 zephyr/drivers/flash/libdrivers__flash.a(flash_shell.c.obj)
 .text.parse_helper
                0x000000000804dc8c       0x94 zephyr/drivers/flash/libdrivers__flash.a(flash_shell.c.obj)
 .text.cmd_write
                0x000000000804dd20       0xdc zephyr/drivers/flash/libdrivers__flash.a(flash_shell.c.obj)
 .text.cmd_erase
                0x000000000804ddfc       0x88 zephyr/drivers/flash/libdrivers__flash.a(flash_shell.c.obj)
 .text.device_name_get
                0x000000000804de84       0x20 zephyr/drivers/flash/libdrivers__flash.a(flash_shell.c.obj)
 .text.cmd_test
                0x000000000804dea4       0xf4 zephyr/drivers/flash/libdrivers__flash.a(flash_shell.c.obj)
 .text.cmd_read
                0x000000000804df98       0x9c zephyr/drivers/flash/libdrivers__flash.a(flash_shell.c.obj)
 .text.uart_stm32_irq_err_enable
                0x000000000804e034       0x60 zephyr/drivers/serial/libdrivers__serial.a(uart_stm32.c.obj)
 .text.uart_stm32_irq_err_disable
                0x000000000804e094       0x60 zephyr/drivers/serial/libdrivers__serial.a(uart_stm32.c.obj)
 .text.uart_stm32_set_baudrate
                0x000000000804e0f4       0x6c zephyr/drivers/serial/libdrivers__serial.a(uart_stm32.c.obj)
 .text.uart_stm32_init
                0x000000000804e160       0xfc zephyr/drivers/serial/libdrivers__serial.a(uart_stm32.c.obj)
 .text.uart_stm32_configure
                0x000000000804e25c      0x164 zephyr/drivers/serial/libdrivers__serial.a(uart_stm32.c.obj)
 .text.elapsed  0x000000000804e3c0       0x3c zephyr/drivers/timer/libdrivers__timer.a(cortex_m_systick.c.obj)
 .text.sys_clock_isr
                0x000000000804e3fc       0x44 zephyr/drivers/timer/libdrivers__timer.a(cortex_m_systick.c.obj)
                0x000000000804e3fc                sys_clock_isr
 .text.sys_clock_driver_init
                0x000000000804e440       0x34 zephyr/drivers/timer/libdrivers__timer.a(cortex_m_systick.c.obj)
                0x000000000804e440                sys_clock_driver_init
 .text.sys_clock_set_timeout
                0x000000000804e474       0xe0 zephyr/drivers/timer/libdrivers__timer.a(cortex_m_systick.c.obj)
                0x000000000804e474                sys_clock_set_timeout
 .text.sys_clock_elapsed
                0x000000000804e554       0x3c zephyr/drivers/timer/libdrivers__timer.a(cortex_m_systick.c.obj)
                0x000000000804e554                sys_clock_elapsed
 .text.sys_clock_cycle_get_32
                0x000000000804e590       0x2c zephyr/drivers/timer/libdrivers__timer.a(cortex_m_systick.c.obj)
                0x000000000804e590                sys_clock_cycle_get_32
 .text.get_ldnumber
                0x000000000804e5bc       0x80 modules/fatfs/lib..__modules__fs__fatfs.a(ff.c.obj)
 .text.check_fs
                0x000000000804e63c       0xb0 modules/fatfs/lib..__modules__fs__fatfs.a(ff.c.obj)
 .text.mount_volume
                0x000000000804e6ec      0x24c modules/fatfs/lib..__modules__fs__fatfs.a(ff.c.obj)
 .text.dir_read.constprop.0
                0x000000000804e938       0xf4 modules/fatfs/lib..__modules__fs__fatfs.a(ff.c.obj)
 .text.dir_find
                0x000000000804ea2c      0x148 modules/fatfs/lib..__modules__fs__fatfs.a(ff.c.obj)
 .text.follow_path
                0x000000000804eb74      0x294 modules/fatfs/lib..__modules__fs__fatfs.a(ff.c.obj)
 .text.dir_register
                0x000000000804ee08      0x284 modules/fatfs/lib..__modules__fs__fatfs.a(ff.c.obj)
 .text.f_mount  0x000000000804f08c       0x48 modules/fatfs/lib..__modules__fs__fatfs.a(ff.c.obj)
                0x000000000804f08c                f_mount
 .text.f_mkfs   0x000000000804f0d4      0x708 modules/fatfs/lib..__modules__fs__fatfs.a(ff.c.obj)
                0x000000000804f0d4                f_mkfs
 .text.disk_status
                0x000000000804f7dc       0x18 modules/fatfs/lib..__modules__fs__fatfs.a(zfs_diskio.c.obj)
                0x000000000804f7dc                disk_status
 .text.disk_initialize
                0x000000000804f7f4       0x18 modules/fatfs/lib..__modules__fs__fatfs.a(zfs_diskio.c.obj)
                0x000000000804f7f4                disk_initialize
 .text.disk_read
                0x000000000804f80c       0x18 modules/fatfs/lib..__modules__fs__fatfs.a(zfs_diskio.c.obj)
                0x000000000804f80c                disk_read
 .text.disk_write
                0x000000000804f824       0x18 modules/fatfs/lib..__modules__fs__fatfs.a(zfs_diskio.c.obj)
                0x000000000804f824                disk_write
 .text.disk_ioctl
                0x000000000804f83c       0x5c modules/fatfs/lib..__modules__fs__fatfs.a(zfs_diskio.c.obj)
                0x000000000804f83c                disk_ioctl
 .text.ff_uni2oem
                0x000000000804f898       0x40 modules/fatfs/lib..__modules__fs__fatfs.a(ffunicode.c.obj)
                0x000000000804f898                ff_uni2oem
 .text.ff_oem2uni
                0x000000000804f8d8       0x28 modules/fatfs/lib..__modules__fs__fatfs.a(ffunicode.c.obj)
                0x000000000804f8d8                ff_oem2uni
 .text.ff_wtoupper
                0x000000000804f900       0x90 modules/fatfs/lib..__modules__fs__fatfs.a(ffunicode.c.obj)
                0x000000000804f900                ff_wtoupper
 .text.HAL_SD_ReadBlocks
                0x000000000804f990      0x1f8 modules/stm32/stm32cube/lib..__modules__hal__stm32__stm32cube.a(stm32f7xx_hal_sd.c.obj)
                0x000000000804f990                HAL_SD_ReadBlocks
 .text.HAL_SD_WriteBlocks
                0x000000000804fb88      0x198 modules/stm32/stm32cube/lib..__modules__hal__stm32__stm32cube.a(stm32f7xx_hal_sd.c.obj)
                0x000000000804fb88                HAL_SD_WriteBlocks
 .text.HAL_SD_GetCardCSD
                0x000000000804fd20      0x16c modules/stm32/stm32cube/lib..__modules__hal__stm32__stm32cube.a(stm32f7xx_hal_sd.c.obj)
                0x000000000804fd20                HAL_SD_GetCardCSD
 .text.HAL_SD_InitCard
                0x000000000804fe8c      0x200 modules/stm32/stm32cube/lib..__modules__hal__stm32__stm32cube.a(stm32f7xx_hal_sd.c.obj)
                0x000000000804fe8c                HAL_SD_InitCard
 .text.RCC_GetHCLKClockFreq
                0x000000000805008c       0x18 modules/stm32/stm32cube/lib..__modules__hal__stm32__stm32cube.a(stm32f7xx_ll_rcc.c.obj)
                0x000000000805008c                RCC_GetHCLKClockFreq
 .text.RCC_GetPCLK1ClockFreq
                0x00000000080500a4       0x18 modules/stm32/stm32cube/lib..__modules__hal__stm32__stm32cube.a(stm32f7xx_ll_rcc.c.obj)
                0x00000000080500a4                RCC_GetPCLK1ClockFreq
 .text.RCC_GetPCLK2ClockFreq
                0x00000000080500bc       0x18 modules/stm32/stm32cube/lib..__modules__hal__stm32__stm32cube.a(stm32f7xx_ll_rcc.c.obj)
                0x00000000080500bc                RCC_GetPCLK2ClockFreq
 .text.RCC_PLL_GetFreqDomain_SYS
                0x00000000080500d4       0x40 modules/stm32/stm32cube/lib..__modules__hal__stm32__stm32cube.a(stm32f7xx_ll_rcc.c.obj)
                0x00000000080500d4                RCC_PLL_GetFreqDomain_SYS
 .text.RCC_GetSystemClockFreq
                0x0000000008050114       0x28 modules/stm32/stm32cube/lib..__modules__hal__stm32__stm32cube.a(stm32f7xx_ll_rcc.c.obj)
                0x0000000008050114                RCC_GetSystemClockFreq
 .text.SDMMC_GetCmdResp2
                0x000000000805013c       0x4c modules/stm32/stm32cube/lib..__modules__hal__stm32__stm32cube.a(stm32f7xx_ll_sdmmc.c.obj)
 .text.SDMMC_GetCmdResp3
                0x0000000008050188       0x44 modules/stm32/stm32cube/lib..__modules__hal__stm32__stm32cube.a(stm32f7xx_ll_sdmmc.c.obj)
 .text.SDMMC_GetCmdResp1
                0x00000000080501cc      0x120 modules/stm32/stm32cube/lib..__modules__hal__stm32__stm32cube.a(stm32f7xx_ll_sdmmc.c.obj)
 .text.SDMMC_CmdStopTransfer
                0x00000000080502ec       0x34 modules/stm32/stm32cube/lib..__modules__hal__stm32__stm32cube.a(stm32f7xx_ll_sdmmc.c.obj)
                0x00000000080502ec                SDMMC_CmdStopTransfer
 .text.SDMMC_CmdGoIdleState
                0x0000000008050320       0x4c modules/stm32/stm32cube/lib..__modules__hal__stm32__stm32cube.a(stm32f7xx_ll_sdmmc.c.obj)
                0x0000000008050320                SDMMC_CmdGoIdleState
 .text.SDMMC_CmdOperCond
                0x000000000805036c       0x78 modules/stm32/stm32cube/lib..__modules__hal__stm32__stm32cube.a(stm32f7xx_ll_sdmmc.c.obj)
                0x000000000805036c                SDMMC_CmdOperCond
 .text.SDMMC_CmdSetRelAdd
                0x00000000080503e4       0xa4 modules/stm32/stm32cube/lib..__modules__hal__stm32__stm32cube.a(stm32f7xx_ll_sdmmc.c.obj)
                0x00000000080503e4                SDMMC_CmdSetRelAdd
 .text.LL_TIM_Init
                0x0000000008050488       0xc8 modules/stm32/stm32cube/lib..__modules__hal__stm32__stm32cube.a(stm32f7xx_ll_tim.c.obj)
                0x0000000008050488                LL_TIM_Init
 .text.LL_TIM_OC_Init
                0x0000000008050550      0x274 modules/stm32/stm32cube/lib..__modules__hal__stm32__stm32cube.a(stm32f7xx_ll_tim.c.obj)
                0x0000000008050550                LL_TIM_OC_Init
 .text.UTILS_PLL_IsBusy
                0x00000000080507c4       0x28 modules/stm32/stm32cube/lib..__modules__hal__stm32__stm32cube.a(stm32f7xx_ll_utils.c.obj)
 .text.LL_SetFlashLatency
                0x00000000080507ec       0xec modules/stm32/stm32cube/lib..__modules__hal__stm32__stm32cube.a(stm32f7xx_ll_utils.c.obj)
                0x00000000080507ec                LL_SetFlashLatency
 .text.UTILS_EnablePLLAndSwitchSystem
                0x00000000080508d8       0x94 modules/stm32/stm32cube/lib..__modules__hal__stm32__stm32cube.a(stm32f7xx_ll_utils.c.obj)
 .text.LL_PLL_ConfigSystemClock_HSE
                0x000000000805096c       0x8c modules/stm32/stm32cube/lib..__modules__hal__stm32__stm32cube.a(stm32f7xx_ll_utils.c.obj)
                0x000000000805096c                LL_PLL_ConfigSystemClock_HSE
 .text.adis16470_channel_get
                0x00000000080509f8       0xac modules/extradrivers/drivers/sensor/adis16470/lib..__extra__drivers__sensor__adis16470.a(adis16470.c.obj)
 .text.adis16470_reg_read
                0x0000000008050aa4       0xac modules/extradrivers/drivers/sensor/adis16470/lib..__extra__drivers__sensor__adis16470.a(adis16470.c.obj)
 .text.adis16470_sample_fetch
                0x0000000008050b50      0x14c modules/extradrivers/drivers/sensor/adis16470/lib..__extra__drivers__sensor__adis16470.a(adis16470.c.obj)
 .text.adis16470_reg_write
                0x0000000008050c9c       0xac modules/extradrivers/drivers/sensor/adis16470/lib..__extra__drivers__sensor__adis16470.a(adis16470.c.obj)
 .text.adis16470_init
                0x0000000008050d48      0x1a8 modules/extradrivers/drivers/sensor/adis16470/lib..__extra__drivers__sensor__adis16470.a(adis16470.c.obj)
 .text.maxbotix_sample_fetch
                0x0000000008050ef0       0xec modules/extradrivers/drivers/sensor/maxbotix/lib..__extra__drivers__sensor__maxbotix.a(maxbotix.c.obj)
 .text.maxbotix_init
                0x0000000008050fdc       0xc4 modules/extradrivers/drivers/sensor/maxbotix/lib..__extra__drivers__sensor__maxbotix.a(maxbotix.c.obj)
 .text.z_sys_init_run_level
                0x00000000080510a0       0x40 zephyr/kernel/libkernel.a(device.c.obj)
                0x00000000080510a0                z_sys_init_run_level
 .text.z_device_get_all_static
                0x00000000080510e0       0x1c zephyr/kernel/libkernel.a(device.c.obj)
                0x00000000080510e0                z_device_get_all_static
 .text.z_impl_device_get_binding
                0x00000000080510fc       0x54 zephyr/kernel/libkernel.a(device.c.obj)
                0x00000000080510fc                z_impl_device_get_binding
 .text.device_required_foreach
                0x0000000008051150       0x78 zephyr/kernel/libkernel.a(device.c.obj)
                0x0000000008051150                device_required_foreach
 .text.z_impl_z_errno
                0x00000000080511c8        0xc zephyr/kernel/libkernel.a(errno.c.obj)
                0x00000000080511c8                z_impl_z_errno
 .text.k_sys_fatal_error_handler
                0x00000000080511d4       0x34 zephyr/kernel/libkernel.a(fatal.c.obj)
                0x00000000080511d4                k_sys_fatal_error_handler
 .text.z_fatal_error
                0x0000000008051208       0xf0 zephyr/kernel/libkernel.a(fatal.c.obj)
                0x0000000008051208                z_fatal_error
 .text.init_idle_thread
                0x00000000080512f8       0x6c zephyr/kernel/libkernel.a(init.c.obj)
 .text.bg_thread_main
                0x0000000008051364       0x38 zephyr/kernel/libkernel.a(init.c.obj)
 .text.z_bss_zero
                0x000000000805139c       0x30 zephyr/kernel/libkernel.a(init.c.obj)
                0x000000000805139c                z_bss_zero
 .text.z_cstart
                0x00000000080513cc       0xd8 zephyr/kernel/libkernel.a(init.c.obj)
                0x00000000080513cc                z_cstart
 .text.init_mem_slab_module
                0x00000000080514a4       0x44 zephyr/kernel/libkernel.a(mem_slab.c.obj)
 .text.k_mem_slab_alloc
                0x00000000080514e8       0x5c zephyr/kernel/libkernel.a(mem_slab.c.obj)
                0x00000000080514e8                k_mem_slab_alloc
 .text.k_thread_foreach
                0x0000000008051544       0x34 zephyr/kernel/libkernel.a(thread.c.obj)
                0x0000000008051544                k_thread_foreach
 .text.z_thread_monitor_exit
                0x0000000008051578       0x3c zephyr/kernel/libkernel.a(thread.c.obj)
                0x0000000008051578                z_thread_monitor_exit
 .text.z_impl_k_thread_name_set
                0x00000000080515b4       0x20 zephyr/kernel/libkernel.a(thread.c.obj)
                0x00000000080515b4                z_impl_k_thread_name_set
 .text.k_thread_state_str
                0x00000000080515d4       0x74 zephyr/kernel/libkernel.a(thread.c.obj)
                0x00000000080515d4                k_thread_state_str
 .text.z_setup_new_thread
                0x0000000008051648       0xcc zephyr/kernel/libkernel.a(thread.c.obj)
                0x0000000008051648                z_setup_new_thread
 .text.z_impl_k_thread_create
                0x0000000008051714       0x58 zephyr/kernel/libkernel.a(thread.c.obj)
                0x0000000008051714                z_impl_k_thread_create
 .text.z_init_static_threads
                0x000000000805176c       0x94 zephyr/kernel/libkernel.a(thread.c.obj)
                0x000000000805176c                z_init_static_threads
 .text.sys_kernel_version_get
                0x0000000008051800        0x8 zephyr/kernel/libkernel.a(version.c.obj)
                0x0000000008051800                sys_kernel_version_get
 .text.z_impl_k_msgq_put
                0x0000000008051808       0xac zephyr/kernel/libkernel.a(msg_q.c.obj)
                0x0000000008051808                z_impl_k_msgq_put
 .text.z_impl_k_msgq_get
                0x00000000080518b4       0xb4 zephyr/kernel/libkernel.a(msg_q.c.obj)
                0x00000000080518b4                z_impl_k_msgq_get
 .text.z_impl_k_mutex_lock
                0x0000000008051968       0xf4 zephyr/kernel/libkernel.a(mutex.c.obj)
                0x0000000008051968                z_impl_k_mutex_lock
 .text.z_impl_k_mutex_unlock
                0x0000000008051a5c       0x88 zephyr/kernel/libkernel.a(mutex.c.obj)
                0x0000000008051a5c                z_impl_k_mutex_unlock
 .text.z_impl_k_sem_give
                0x0000000008051ae4       0x4c zephyr/kernel/libkernel.a(sem.c.obj)
                0x0000000008051ae4                z_impl_k_sem_give
 .text.z_impl_k_sem_take
                0x0000000008051b30       0x50 zephyr/kernel/libkernel.a(sem.c.obj)
                0x0000000008051b30                z_impl_k_sem_take
 .text.z_impl_k_sem_reset
                0x0000000008051b80       0x48 zephyr/kernel/libkernel.a(sem.c.obj)
                0x0000000008051b80                z_impl_k_sem_reset
 .text.k_sys_work_q_init
                0x0000000008051bc8       0x34 zephyr/kernel/libkernel.a(system_work_q.c.obj)
 .text.submit_to_queue_locked
                0x0000000008051bfc       0x9c zephyr/kernel/libkernel.a(work.c.obj)
 .text.k_work_submit
                0x0000000008051c98        0xc zephyr/kernel/libkernel.a(work.c.obj)
                0x0000000008051c98                k_work_submit
 .text.k_work_queue_start
                0x0000000008051ca4       0x70 zephyr/kernel/libkernel.a(work.c.obj)
                0x0000000008051ca4                k_work_queue_start
 .text.z_reset_time_slice
                0x0000000008051d14       0x2c zephyr/kernel/libkernel.a(sched.c.obj)
                0x0000000008051d14                z_reset_time_slice
 .text.k_sched_time_slice_set
                0x0000000008051d40       0x50 zephyr/kernel/libkernel.a(sched.c.obj)
                0x0000000008051d40                k_sched_time_slice_set
 .text.z_reschedule
                0x0000000008051d90       0x24 zephyr/kernel/libkernel.a(sched.c.obj)
                0x0000000008051d90                z_reschedule
 .text.k_sched_lock
                0x0000000008051db4       0x28 zephyr/kernel/libkernel.a(sched.c.obj)
                0x0000000008051db4                k_sched_lock
 .text.update_cache
                0x0000000008051ddc       0x40 zephyr/kernel/libkernel.a(sched.c.obj)
 .text.move_thread_to_end_of_prio_q
                0x0000000008051e1c       0x74 zephyr/kernel/libkernel.a(sched.c.obj)
 .text.z_time_slice
                0x0000000008051e90       0x80 zephyr/kernel/libkernel.a(sched.c.obj)
                0x0000000008051e90                z_time_slice
 .text.ready_thread
                0x0000000008051f10       0x6c zephyr/kernel/libkernel.a(sched.c.obj)